Component: ARM Compiler 5.05 update 1 (build 106) Tool: armlink [4d0efa]

==============================================================================

Section Cross References

    startup_stm32f405xx.o(STACK) refers (Special) to heapauxi.o(.text) for __use_two_region_memory
    startup_stm32f405xx.o(HEAP) refers (Special) to heapauxi.o(.text) for __use_two_region_memory
    startup_stm32f405xx.o(RESET) refers (Special) to heapauxi.o(.text) for __use_two_region_memory
    startup_stm32f405xx.o(RESET) refers to startup_stm32f405xx.o(STACK) for __initial_sp
    startup_stm32f405xx.o(RESET) refers to startup_stm32f405xx.o(.text) for Reset_Handler
    startup_stm32f405xx.o(RESET) refers to stm32f4xx_it.o(i.NMI_Handler) for NMI_Handler
    startup_stm32f405xx.o(RESET) refers to stm32f4xx_it.o(i.HardFault_Handler) for HardFault_Handler
    startup_stm32f405xx.o(RESET) refers to stm32f4xx_it.o(i.MemManage_Handler) for MemManage_Handler
    startup_stm32f405xx.o(RESET) refers to stm32f4xx_it.o(i.BusFault_Handler) for BusFault_Handler
    startup_stm32f405xx.o(RESET) refers to stm32f4xx_it.o(i.UsageFault_Handler) for UsageFault_Handler
    startup_stm32f405xx.o(RESET) refers to port.o(.emb_text) for SVC_Handler
    startup_stm32f405xx.o(RESET) refers to stm32f4xx_it.o(i.DebugMon_Handler) for DebugMon_Handler
    startup_stm32f405xx.o(RESET) refers to cmsis_os2.o(i.SysTick_Handler) for SysTick_Handler
    startup_stm32f405xx.o(RESET) refers to stm32f4xx_it.o(i.DMA1_Stream0_IRQHandler) for DMA1_Stream0_IRQHandler
    startup_stm32f405xx.o(RESET) refers to stm32f4xx_it.o(i.DMA1_Stream1_IRQHandler) for DMA1_Stream1_IRQHandler
    startup_stm32f405xx.o(RESET) refers to stm32f4xx_it.o(i.DMA1_Stream2_IRQHandler) for DMA1_Stream2_IRQHandler
    startup_stm32f405xx.o(RESET) refers to stm32f4xx_it.o(i.DMA1_Stream3_IRQHandler) for DMA1_Stream3_IRQHandler
    startup_stm32f405xx.o(RESET) refers to stm32f4xx_it.o(i.DMA1_Stream5_IRQHandler) for DMA1_Stream5_IRQHandler
    startup_stm32f405xx.o(RESET) refers to stm32f4xx_it.o(i.DMA1_Stream6_IRQHandler) for DMA1_Stream6_IRQHandler
    startup_stm32f405xx.o(RESET) refers to stm32f4xx_it.o(i.I2C2_EV_IRQHandler) for I2C2_EV_IRQHandler
    startup_stm32f405xx.o(RESET) refers to stm32f4xx_it.o(i.I2C2_ER_IRQHandler) for I2C2_ER_IRQHandler
    startup_stm32f405xx.o(RESET) refers to stm32f4xx_it.o(i.USART1_IRQHandler) for USART1_IRQHandler
    startup_stm32f405xx.o(RESET) refers to stm32f4xx_it.o(i.USART2_IRQHandler) for USART2_IRQHandler
    startup_stm32f405xx.o(RESET) refers to stm32f4xx_it.o(i.USART3_IRQHandler) for USART3_IRQHandler
    startup_stm32f405xx.o(RESET) refers to stm32f4xx_it.o(i.DMA1_Stream7_IRQHandler) for DMA1_Stream7_IRQHandler
    startup_stm32f405xx.o(RESET) refers to stm32f4xx_it.o(i.UART5_IRQHandler) for UART5_IRQHandler
    startup_stm32f405xx.o(RESET) refers to stm32f4xx_it.o(i.TIM6_DAC_IRQHandler) for TIM6_DAC_IRQHandler
    startup_stm32f405xx.o(RESET) refers to stm32f4xx_it.o(i.DMA2_Stream1_IRQHandler) for DMA2_Stream1_IRQHandler
    startup_stm32f405xx.o(RESET) refers to stm32f4xx_it.o(i.DMA2_Stream2_IRQHandler) for DMA2_Stream2_IRQHandler
    startup_stm32f405xx.o(RESET) refers to stm32f4xx_it.o(i.DMA2_Stream6_IRQHandler) for DMA2_Stream6_IRQHandler
    startup_stm32f405xx.o(RESET) refers to stm32f4xx_it.o(i.USART6_IRQHandler) for USART6_IRQHandler
    startup_stm32f405xx.o(.text) refers (Special) to heapauxi.o(.text) for __use_two_region_memory
    startup_stm32f405xx.o(.text) refers to system_stm32f4xx.o(i.SystemInit) for SystemInit
    startup_stm32f405xx.o(.text) refers to __main.o(!!!main) for __main
    startup_stm32f405xx.o(.text) refers to startup_stm32f405xx.o(HEAP) for Heap_Mem
    startup_stm32f405xx.o(.text) refers to startup_stm32f405xx.o(STACK) for Stack_Mem
    main.o(i.HAL_TIM_PeriodElapsedCallback) refers to stm32f4xx_hal.o(i.HAL_IncTick) for HAL_IncTick
    main.o(i.SystemClock_Config) refers to rt_memclr_w.o(.text) for __aeabi_memclr4
    main.o(i.SystemClock_Config) refers to stm32f4xx_hal_rcc.o(i.HAL_RCC_OscConfig) for HAL_RCC_OscConfig
    main.o(i.SystemClock_Config) refers to stm32f4xx_hal_rcc.o(i.HAL_RCC_ClockConfig) for HAL_RCC_ClockConfig
    main.o(i.main) refers to stm32f4xx_hal.o(i.HAL_Init) for HAL_Init
    main.o(i.main) refers to main.o(i.SystemClock_Config) for SystemClock_Config
    main.o(i.main) refers to gpio.o(i.MX_GPIO_Init) for MX_GPIO_Init
    main.o(i.main) refers to dma.o(i.MX_DMA_Init) for MX_DMA_Init
    main.o(i.main) refers to tim.o(i.MX_TIM1_Init) for MX_TIM1_Init
    main.o(i.main) refers to tim.o(i.MX_TIM2_Init) for MX_TIM2_Init
    main.o(i.main) refers to tim.o(i.MX_TIM3_Init) for MX_TIM3_Init
    main.o(i.main) refers to tim.o(i.MX_TIM4_Init) for MX_TIM4_Init
    main.o(i.main) refers to tim.o(i.MX_TIM8_Init) for MX_TIM8_Init
    main.o(i.main) refers to tim.o(i.MX_TIM12_Init) for MX_TIM12_Init
    main.o(i.main) refers to usart.o(i.MX_USART2_UART_Init) for MX_USART2_UART_Init
[...]
    DMA2_Stream1_IRQHandler                  0x08000e49   Thumb Code     6  stm32f4xx_it.o(i.DMA2_Stream1_IRQHandler)
    DMA2_Stream2_IRQHandler                  0x08000e55   Thumb Code     6  stm32f4xx_it.o(i.DMA2_Stream2_IRQHandler)
    DMA2_Stream6_IRQHandler                  0x08000e61   Thumb Code     6  stm32f4xx_it.o(i.DMA2_Stream6_IRQHandler)
    DebugMon_Handler                         0x08000f11   Thumb Code     2  stm32f4xx_it.o(i.DebugMon_Handler)
    Error_Handler                            0x08000f13   Thumb Code     4  main.o(i.Error_Handler)
    GetMS5837ConversionValue                 0x08000f19   Thumb Code   656  driver_ms5837.o(i.GetMS5837ConversionValue)
    GetSpeedW                                0x08001221   Thumb Code    14  driver_chassis.o(i.GetSpeedW)
    GetSpeedX_Y                              0x08001239   Thumb Code    22  driver_chassis.o(i.GetSpeedX_Y)
    GetangleP                                0x08001259   Thumb Code    64  attitude_control.o(i.GetangleP)
    GetangleR                                0x080012ad   Thumb Code    74  attitude_control.o(i.GetangleR)
    GetangleY                                0x08001315   Thumb Code    38  attitude_control.o(i.GetangleY)
    GetrateP_R                               0x08001351   Thumb Code    30  attitude_control.o(i.GetrateP_R)
    HAL_DMA_Abort                            0x08001379   Thumb Code   146  stm32f4xx_hal_dma.o(i.HAL_DMA_Abort)
    HAL_DMA_Abort_IT                         0x0800140b   Thumb Code    36  stm32f4xx_hal_dma.o(i.HAL_DMA_Abort_IT)
    HAL_DMA_GetState                         0x0800142f   Thumb Code     6  stm32f4xx_hal_dma.o(i.HAL_DMA_GetState)
    HAL_DMA_IRQHandler                       0x08001435   Thumb Code   412  stm32f4xx_hal_dma.o(i.HAL_DMA_IRQHandler)
    HAL_DMA_Init                             0x080015d5   Thumb Code   206  stm32f4xx_hal_dma.o(i.HAL_DMA_Init)
    HAL_DMA_Start_IT                         0x080016a9   Thumb Code   110  stm32f4xx_hal_dma.o(i.HAL_DMA_Start_IT)
    HAL_GPIO_Init                            0x08001719   Thumb Code   450  stm32f4xx_hal_gpio.o(i.HAL_GPIO_Init)
    HAL_GPIO_TogglePin                       0x08001909   Thumb Code    16  stm32f4xx_hal_gpio.o(i.HAL_GPIO_TogglePin)
    HAL_GPIO_WritePin                        0x08001919   Thumb Code    10  stm32f4xx_hal_gpio.o(i.HAL_GPIO_WritePin)
    HAL_GetTick                              0x08001925   Thumb Code     6  stm32f4xx_hal.o(i.HAL_GetTick)
    HAL_I2C_AbortCpltCallback                0x08001931   Thumb Code     2  stm32f4xx_hal_i2c.o(i.HAL_I2C_AbortCpltCallback)
    HAL_I2C_AddrCallback                     0x08001933   Thumb Code     2  stm32f4xx_hal_i2c.o(i.HAL_I2C_AddrCallback)
    HAL_I2C_ER_IRQHandler                    0x08001935   Thumb Code   186  stm32f4xx_hal_i2c.o(i.HAL_I2C_ER_IRQHandler)
    HAL_I2C_EV_IRQHandler                    0x080019ef   Thumb Code   560  stm32f4xx_hal_i2c.o(i.HAL_I2C_EV_IRQHandler)
    HAL_I2C_ErrorCallback                    0x08001c1f   Thumb Code     2  stm32f4xx_hal_i2c.o(i.HAL_I2C_ErrorCallback)
    HAL_I2C_Init                             0x08001c21   Thumb Code   376  stm32f4xx_hal_i2c.o(i.HAL_I2C_Init)
    HAL_I2C_ListenCpltCallback               0x08001da9   Thumb Code     2  stm32f4xx_hal_i2c.o(i.HAL_I2C_ListenCpltCallback)
    HAL_I2C_MasterRxCpltCallback             0x08001dab   Thumb Code     2  stm32f4xx_hal_i2c.o(i.HAL_I2C_MasterRxCpltCallback)
    HAL_I2C_MasterTxCpltCallback             0x08001dad   Thumb Code     2  stm32f4xx_hal_i2c.o(i.HAL_I2C_MasterTxCpltCallback)
    HAL_I2C_MemRxCpltCallback                0x08001daf   Thumb Code     2  stm32f4xx_hal_i2c.o(i.HAL_I2C_MemRxCpltCallback)
    HAL_I2C_MemTxCpltCallback                0x08001db1   Thumb Code     2  stm32f4xx_hal_i2c.o(i.HAL_I2C_MemTxCpltCallback)
    HAL_I2C_MspInit                          0x08001db5   Thumb Code   176  i2c.o(i.HAL_I2C_MspInit)
    HAL_I2C_SlaveRxCpltCallback              0x08001e79   Thumb Code     2  stm32f4xx_hal_i2c.o(i.HAL_I2C_SlaveRxCpltCallback)
    HAL_I2C_SlaveTxCpltCallback              0x08001e7b   Thumb Code     2  stm32f4xx_hal_i2c.o(i.HAL_I2C_SlaveTxCpltCallback)
    HAL_IncTick                              0x08001e7d   Thumb Code    12  stm32f4xx_hal.o(i.HAL_IncTick)
    HAL_Init                                 0x08001e8d   Thumb Code    48  stm32f4xx_hal.o(i.HAL_Init)
    HAL_InitTick                             0x08001ec1   Thumb Code   100  stm32f4xx_hal_timebase_tim.o(i.HAL_InitTick)
    HAL_MspInit                              0x08001f35   Thumb Code    52  stm32f4xx_hal_msp.o(i.HAL_MspInit)
    HAL_NVIC_EnableIRQ                       0x08001f6d   Thumb Code    26  stm32f4xx_hal_cortex.o(i.HAL_NVIC_EnableIRQ)
    HAL_NVIC_SetPriority                     0x08001f89   Thumb Code    60  stm32f4xx_hal_cortex.o(i.HAL_NVIC_SetPriority)
    HAL_NVIC_SetPriorityGrouping             0x08001fc9   Thumb Code    26  stm32f4xx_hal_cortex.o(i.HAL_NVIC_SetPriorityGrouping)
    HAL_RCC_ClockConfig                      0x08001fed   Thumb Code   288  stm32f4xx_hal_rcc.o(i.HAL_RCC_ClockConfig)
    HAL_RCC_GetClockConfig                   0x08002121   Thumb Code    54  stm32f4xx_hal_rcc.o(i.HAL_RCC_GetClockConfig)
    HAL_RCC_GetPCLK1Freq                     0x08002161   Thumb Code    20  stm32f4xx_hal_rcc.o(i.HAL_RCC_GetPCLK1Freq)
    HAL_RCC_GetPCLK2Freq                     0x08002181   Thumb Code    20  stm32f4xx_hal_rcc.o(i.HAL_RCC_GetPCLK2Freq)
    HAL_RCC_GetSysClockFreq                  0x080021a1   Thumb Code    88  stm32f4xx_hal_rcc.o(i.HAL_RCC_GetSysClockFreq)
    HAL_RCC_OscConfig                        0x08002205   Thumb Code   856  stm32f4xx_hal_rcc.o(i.HAL_RCC_OscConfig)
    HAL_TIMEx_BreakCallback                  0x08002571   Thumb Code     2  stm32f4xx_hal_tim_ex.o(i.HAL_TIMEx_BreakCallback)
    HAL_TIMEx_CommutCallback                 0x08002573   Thumb Code     2  stm32f4xx_hal_tim_ex.o(i.HAL_TIMEx_CommutCallback)
    HAL_TIMEx_ConfigBreakDeadTime            0x08002575   Thumb Code    84  stm32f4xx_hal_tim_ex.o(i.HAL_TIMEx_ConfigBreakDeadTime)
    HAL_TIMEx_MasterConfigSynchronization    0x080025c9   Thumb Code   116  stm32f4xx_hal_tim_ex.o(i.HAL_TIMEx_MasterConfigSynchronization)
    HAL_TIM_Base_Init                        0x08002659   Thumb Code    90  stm32f4xx_hal_tim.o(i.HAL_TIM_Base_Init)
    HAL_TIM_Base_MspInit                     0x080026b5   Thumb Code   136  tim.o(i.HAL_TIM_Base_MspInit)
    HAL_TIM_Base_Start_IT                    0x08002755   Thumb Code   100  stm32f4xx_hal_tim.o(i.HAL_TIM_Base_Start_IT)
    HAL_TIM_ConfigClockSource                0x080027d5   Thumb Code   220  stm32f4xx_hal_tim.o(i.HAL_TIM_ConfigClockSource)
    HAL_TIM_IC_CaptureCallback               0x080028b1   Thumb Code     2  stm32f4xx_hal_tim.o(i.HAL_TIM_IC_CaptureCallback)
    HAL_TIM_IRQHandler                       0x080028b3   Thumb Code   358  stm32f4xx_hal_tim.o(i.HAL_TIM_IRQHandler)
    HAL_TIM_MspPostInit                      0x08002a19   Thumb Code   464  tim.o(i.HAL_TIM_MspPostInit)
    HAL_TIM_OC_DelayElapsedCallback          0x08002c19   Thumb Code     2  stm32f4xx_hal_tim.o(i.HAL_TIM_OC_DelayElapsedCallback)
    HAL_TIM_PWM_ConfigChannel                0x08002c1b   Thumb Code   204  stm32f4xx_hal_tim.o(i.HAL_TIM_PWM_ConfigChannel)
    HAL_TIM_PWM_Init                         0x08002ce7   Thumb Code    90  stm32f4xx_hal_tim.o(i.HAL_TIM_PWM_Init)
    HAL_TIM_PWM_MspInit                      0x08002d41   Thumb Code    30  tim.o(i.HAL_TIM_PWM_MspInit)
    HAL_TIM_PWM_PulseFinishedCallback        0x08002d69   Thumb Code     2  stm32f4xx_hal_tim.o(i.HAL_TIM_PWM_PulseFinishedCallback)
    HAL_TIM_PWM_Start                        0x08002d6d   Thumb Code   172  stm32f4xx_hal_tim.o(i.HAL_TIM_PWM_Start)
    HAL_TIM_PeriodElapsedCallback            0x08002e35   Thumb Code    14  main.o(i.HAL_TIM_PeriodElapsedCallback)
    HAL_TIM_TriggerCallback                  0x08002e49   Thumb Code     2  stm32f4xx_hal_tim.o(i.HAL_TIM_TriggerCallback)
    HAL_UARTEx_RxEventCallback               0x08002e4b   Thumb Code     2  stm32f4xx_hal_uart.o(i.HAL_UARTEx_RxEventCallback)
    HAL_UART_DMAStop                         0x08002e4d   Thumb Code   112  stm32f4xx_hal_uart.o(i.HAL_UART_DMAStop)
    HAL_UART_ErrorCallback                   0x08002ebd   Thumb Code     2  stm32f4xx_hal_uart.o(i.HAL_UART_ErrorCallback)
    HAL_UART_IRQHandler                      0x08002ec1   Thumb Code   610  stm32f4xx_hal_uart.o(i.HAL_UART_IRQHandler)
    HAL_UART_Init                            0x08003129   Thumb Code    98  stm32f4xx_hal_uart.o(i.HAL_UART_Init)
    HAL_UART_MspInit                         0x0800318d   Thumb Code   968  usart.o(i.HAL_UART_MspInit)
    HAL_UART_Receive_DMA                     0x08003591   Thumb Code    42  stm32f4xx_hal_uart.o(i.HAL_UART_Receive_DMA)
    HAL_UART_RxCpltCallback                  0x080035bb   Thumb Code     2  stm32f4xx_hal_uart.o(i.HAL_UART_RxCpltCallback)
    HAL_UART_RxHalfCpltCallback              0x080035bd   Thumb Code     2  stm32f4xx_hal_uart.o(i.HAL_UART_RxHalfCpltCallback)
    HAL_UART_TxCpltCallback                  0x080035bf   Thumb Code     2  stm32f4xx_hal_uart.o(i.HAL_UART_TxCpltCallback)
    HardFault_Handler                        0x080035c1   Thumb Code     2  stm32f4xx_it.o(i.HardFault_Handler)
    I2C2_ER_IRQHandler                       0x080035c5   Thumb Code     6  stm32f4xx_it.o(i.I2C2_ER_IRQHandler)
    I2C2_EV_IRQHandler                       0x080035d1   Thumb Code     6  stm32f4xx_it.o(i.I2C2_EV_IRQHandler)
    JudgeDataValidity                        0x08003f55   Thumb Code    20  driver_remote1.o(i.JudgeDataValidity)
    KeyboardModeProcessData                  0x08003f69   Thumb Code   100  task_remote.o(i.KeyboardModeProcessData)
    MX_DMA_Init                              0x08003fcd   Thumb Code   200  dma.o(i.MX_DMA_Init)
    MX_FREERTOS_Init                         0x08004099   Thumb Code   198  freertos.o(i.MX_FREERTOS_Init)
    MX_GPIO_Init                             0x08004195   Thumb Code   142  gpio.o(i.MX_GPIO_Init)
    MX_I2C2_Init                             0x0800422d   Thumb Code    50  i2c.o(i.MX_I2C2_Init)
    MX_TIM12_Init                            0x0800426d   Thumb Code   138  tim.o(i.MX_TIM12_Init)
    MX_TIM1_Init                             0x08004301   Thumb Code   208  tim.o(i.MX_TIM1_Init)
    MX_TIM2_Init                             0x080043d9   Thumb Code   162  tim.o(i.MX_TIM2_Init)
    MX_TIM3_Init                             0x08004481   Thumb Code   144  tim.o(i.MX_TIM3_Init)
    MX_TIM4_Init                             0x08004519   Thumb Code   144  tim.o(i.MX_TIM4_Init)
    MX_TIM5_Init                             0x080045b1   Thumb Code   104  tim.o(i.MX_TIM5_Init)
    MX_TIM8_Init                             0x08004621   Thumb Code   208  tim.o(i.MX_TIM8_Init)
    MX_UART5_Init                            0x080046f9   Thumb Code    66  usart.o(i.MX_UART5_Init)
    MX_USART1_UART_Init                      0x08004749   Thumb Code    72  usart.o(i.MX_USART1_UART_Init)
    MX_USART2_UART_Init                      0x080047a1   Thumb Code    66  usart.o(i.MX_USART2_UART_Init)
    MX_USART3_UART_Init                      0x080047f1   Thumb Code    66  usart.o(i.MX_USART3_UART_Init)
    MX_USART6_UART_Init                      0x08004841   Thumb Code    66  usart.o(i.MX_USART6_UART_Init)
    MemManage_Handler                        0x08004891   Thumb Code     2  stm32f4xx_it.o(i.MemManage_Handler)
    ModeChooseandExcute                      0x08004895   Thumb Code   208  task_servo.o(i.ModeChooseandExcute)
    NMI_Handler                              0x08004971   Thumb Code     2  stm32f4xx_it.o(i.NMI_Handler)
    PID_SingleCalc                           0x08004973   Thumb Code   150  pid.o(i.PID_SingleCalc)
    PROP_SpeedSet                            0x08004a09   Thumb Code   208  driver_propellor.o(i.PROP_SpeedSet)
    REMO_GetData                             0x08004af5   Thumb Code   122  driver_remote.o(i.REMO_GetData)
    REMO_VerifyBuf                           0x08004b75   Thumb Code    26  driver_remote.o(i.REMO_VerifyBuf)
    ReadDepth                                0x08004b95   Thumb Code    84  driver_depth.o(i.ReadDepth)
    ReadMS5837                               0x08004bf1   Thumb Code    42  driver_depth.o(i.ReadMS5837)
    RemoteDataCalculate                      0x08004c25   Thumb Code   124  task_remote.o(i.RemoteDataCalculate)
    RemoteDataProcess                        0x08004ca5   Thumb Code   552  driver_remote1.o(i.RemoteDataProcess)
    RemoteModeProcessData                    0x08004ee1   Thumb Code   100  task_remote.o(i.RemoteModeProcessData)
    RemoteTaskControl                        0x08004f45   Thumb Code   124  task_remote.o(i.RemoteTaskControl)
    RockerDataConvert                        0x08004fc9   Thumb Code   268  driver_remote1.o(i.RockerDataConvert)
    SEVO_AngleSet                            0x080050dd   Thumb Code    36  driver_servo.o(i.SEVO_AngleSet)
    SysTick_Handler                          0x08005109   Thumb Code    26  cmsis_os2.o(i.SysTick_Handler)
    SystemClock_Config                       0x08005125   Thumb Code   142  main.o(i.SystemClock_Config)
    SystemInit                               0x080051bd   Thumb Code    12  system_stm32f4xx.o(i.SystemInit)
    TIM6_DAC_IRQHandler                      0x080051cd   Thumb Code     6  stm32f4xx_it.o(i.TIM6_DAC_IRQHandler)
    TIM_Base_SetConfig                       0x080051d9   Thumb Code   156  stm32f4xx_hal_tim.o(i.TIM_Base_SetConfig)
    TIM_CCxChannelCmd                        0x080052a1   Thumb Code    26  stm32f4xx_hal_tim.o(i.TIM_CCxChannelCmd)
    TIM_ETR_SetConfig                        0x080052bb   Thumb Code    20  stm32f4xx_hal_tim.o(i.TIM_ETR_SetConfig)
    TIM_OC2_SetConfig                        0x08005341   Thumb Code    98  stm32f4xx_hal_tim.o(i.TIM_OC2_SetConfig)
    Thread_Attitude                          0x080054ab   Thumb Code    16  freertos.o(i.Thread_Attitude)
    Thread_Chassis                           0x080054bb   Thumb Code    16  freertos.o(i.Thread_Chassis)
    Thread_Claw                              0x080054cd   Thumb Code    38  freertos.o(i.Thread_Claw)
    Thread_Depth_ISR                         0x080054f9   Thumb Code     8  freertos.o(i.Thread_Depth_ISR)
    Thread_FunctionVerify                    0x08005501   Thumb Code    18  freertos.o(i.Thread_FunctionVerify)
    Thread_Gyro1_ISR                         0x08005519   Thumb Code    26  freertos.o(i.Thread_Gyro1_ISR)
    Thread_Gyro_ISR                          0x0800553d   Thumb Code    38  freertos.o(i.Thread_Gyro_ISR)
    Thread_LED                               0x08005575   Thumb Code    30  freertos.o(i.Thread_LED)
    Thread_Remote_ISR                        0x08005599   Thumb Code    16  freertos.o(i.Thread_Remote_ISR)
    Thread_ReservedUart3_ISR                 0x080055ad   Thumb Code     8  freertos.o(i.Thread_ReservedUart3_ISR)
    UART5_IRQHandler                         0x080055b5   Thumb Code    20  stm32f4xx_it.o(i.UART5_IRQHandler)
    UART_Start_Receive_DMA                   0x080058fd   Thumb Code   130  stm32f4xx_hal_uart.o(i.UART_Start_Receive_DMA)
    USART1_IRQHandler                        0x0800598d   Thumb Code    20  stm32f4xx_it.o(i.USART1_IRQHandler)
    USART2_IRQHandler                        0x080059a9   Thumb Code    20  stm32f4xx_it.o(i.USART2_IRQHandler)
    USART3_IRQHandler                        0x080059c5   Thumb Code    20  stm32f4xx_it.o(i.USART3_IRQHandler)
    USART6_IRQHandler                        0x080059e1   Thumb Code    20  stm32f4xx_it.o(i.USART6_IRQHandler)
    UartIDLE_Callback                        0x080059fd   Thumb Code   326  bsp_callbacks.o(i.UartIDLE_Callback)
    UsageFault_Handler                       0x08005b7d   Thumb Code     2  stm32f4xx_it.o(i.UsageFault_Handler)
    YawSingularity                           0x08005b81   Thumb Code    82  attitude_control.o(i.YawSingularity)
    __ARM_fpclassify                         0x08005be1   Thumb Code    48  fpclassify.o(i.__ARM_fpclassify)
    __hardfp_pow                             0x08005c31   Thumb Code  3044  pow.o(i.__hardfp_pow)
    __kernel_poly                            0x08006869   Thumb Code   248  poly.o(i.__kernel_poly)
    __mathlib_dbl_divzero                    0x08006961   Thumb Code    28  dunder.o(i.__mathlib_dbl_divzero)
    __mathlib_dbl_infnan2                    0x08006991   Thumb Code    20  dunder.o(i.__mathlib_dbl_infnan2)
    __mathlib_dbl_invalid                    0x080069a9   Thumb Code    24  dunder.o(i.__mathlib_dbl_invalid)
    __mathlib_dbl_overflow                   0x080069c9   Thumb Code    24  dunder.o(i.__mathlib_dbl_overflow)
    __mathlib_dbl_underflow                  0x080069e9   Thumb Code    24  dunder.o(i.__mathlib_dbl_underflow)
    bsp_init                                 0x08006a09   Thumb Code     4  bspconfig.o(i.bsp_init)
    bsp_variables_init                       0x08006a0d   Thumb Code   130  variables.o(i.bsp_variables_init)
    depth                                    0x08006abd   Thumb Code    20  driver_depth.o(i.depth)
    fabs                                     0x08006ad5   Thumb Code    24  fabs.o(i.fabs)
    get_HI229UMGyroData                      0x08006aed   Thumb Code   260  driver_hi229um.o(i.get_HI229UMGyroData)
    main                                     0x08006bf9   Thumb Code    86  main.o(i.main)
    osDelay                                  0x08006c4f   Thumb Code    26  cmsis_os2.o(i.osDelay)
    osKernelInitialize                       0x08006c69   Thumb Code    32  cmsis_os2.o(i.osKernelInitialize)
    osKernelStart                            0x08006c8d   Thumb Code    48  cmsis_os2.o(i.osKernelStart)
    osSemaphoreAcquire                       0x08006cc5   Thumb Code    86  cmsis_os2.o(i.osSemaphoreAcquire)
    osSemaphoreNew                           0x08006d21   Thumb Code   152  cmsis_os2.o(i.osSemaphoreNew)
    osSemaphoreRelease                       0x08006db9   Thumb Code    80  cmsis_os2.o(i.osSemaphoreRelease)
    osThreadNew                              0x08006e0d   Thumb Code   136  cmsis_os2.o(i.osThreadNew)
    pvPortMalloc                             0x08007629   Thumb Code   216  heap_4.o(i.pvPortMalloc)
    pvTaskIncrementMutexHeldCount            0x08007705   Thumb Code    18  tasks.o(i.pvTaskIncrementMutexHeldCount)
    pxPortInitialiseStack                    0x0800771d   Thumb Code    40  port.o(i.pxPortInitialiseStack)
    sqrt                                     0x08007749   Thumb Code   110  sqrt.o(i.sqrt)
    uxListRemove                             0x080077b7   Thumb Code    38  list.o(i.uxListRemove)
    vApplicationGetIdleTaskMemory            0x080077dd   Thumb Code    16  cmsis_os2.o(i.vApplicationGetIdleTaskMemory)
    vApplicationGetTimerTaskMemory           0x080077f1   Thumb Code    16  cmsis_os2.o(i.vApplicationGetTimerTaskMemory)
    vListInitialise                          0x08007805   Thumb Code    22  list.o(i.vListInitialise)
    vListInitialiseItem                      0x0800781b   Thumb Code     6  list.o(i.vListInitialiseItem)
    vListInsert                              0x08007821   Thumb Code    48  list.o(i.vListInsert)
    vListInsertEnd                           0x08007851   Thumb Code    24  list.o(i.vListInsertEnd)
    vPortEnterCritical                       0x08007869   Thumb Code    54  port.o(i.vPortEnterCritical)
    vPortExitCritical                        0x080078a9   Thumb Code    34  port.o(i.vPortExitCritical)
    vPortFree                                0x080078d1   Thumb Code    94  heap_4.o(i.vPortFree)
    vPortSetupTimerInterrupt                 0x08007935   Thumb Code    32  port.o(i.vPortSetupTimerInterrupt)
    vPortValidateInterruptPriority           0x08007959   Thumb Code    74  port.o(i.vPortValidateInterruptPriority)
    vQueueAddToRegistry                      0x080079ad   Thumb Code    34  queue.o(i.vQueueAddToRegistry)
    vQueueDelete                             0x080079d5   Thumb Code    46  queue.o(i.vQueueDelete)
    vQueueUnregisterQueue                    0x08007a05   Thumb Code    36  queue.o(i.vQueueUnregisterQueue)
    vQueueWaitForMessageRestricted           0x08007a2d   Thumb Code    68  queue.o(i.vQueueWaitForMessageRestricted)
    vTaskDelay                               0x08007a71   Thumb Code    66  tasks.o(i.vTaskDelay)
    vTaskInternalSetTimeOutState             0x08007abd   Thumb Code    12  tasks.o(i.vTaskInternalSetTimeOutState)
    vTaskMissedYield                         0x08007acd   Thumb Code     8  tasks.o(i.vTaskMissedYield)
    vTaskPlaceOnEventList                    0x08007ad9   Thumb Code    44  tasks.o(i.vTaskPlaceOnEventList)
    vTaskPlaceOnEventListRestricted          0x08007b09   Thumb Code    52  tasks.o(i.vTaskPlaceOnEventListRestricted)
    vTaskPriorityDisinheritAfterTimeout      0x08007b41   Thumb Code   134  tasks.o(i.vTaskPriorityDisinheritAfterTimeout)
    vTaskStartScheduler                      0x08007bd1   Thumb Code   118  tasks.o(i.vTaskStartScheduler)
    vTaskSuspendAll                          0x08007c59   Thumb Code    10  tasks.o(i.vTaskSuspendAll)
    vTaskSwitchContext                       0x08007c69   Thumb Code    90  tasks.o(i.vTaskSwitchContext)
    xPortStartScheduler                      0x08007ccd   Thumb Code   222  port.o(i.xPortStartScheduler)
    xPortSysTickHandler                      0x08007dc1   Thumb Code    38  port.o(i.xPortSysTickHandler)
    xQueueCreateCountingSemaphore            0x08007ded   Thumb Code    58  queue.o(i.xQueueCreateCountingSemaphore)
    xQueueCreateCountingSemaphoreStatic      0x08007e27   Thumb Code    64  queue.o(i.xQueueCreateCountingSemaphoreStatic)
    xQueueGenericCreate                      0x08007e67   Thumb Code    66  queue.o(i.xQueueGenericCreate)
    xQueueGenericCreateStatic                0x08007ea9   Thumb Code   102  queue.o(i.xQueueGenericCreateStatic)
    xQueueGenericReset                       0x08007f11   Thumb Code   132  queue.o(i.xQueueGenericReset)
    xQueueGenericSend                        0x08007f99   Thumb Code   346  queue.o(i.xQueueGenericSend)
    xQueueGenericSendFromISR                 0x080080f9   Thumb Code   190  queue.o(i.xQueueGenericSendFromISR)
    xQueueGiveFromISR                        0x080081b7   Thumb Code   156  queue.o(i.xQueueGiveFromISR)
    xQueueReceive                            0x08008255   Thumb Code   308  queue.o(i.xQueueReceive)
    xQueueReceiveFromISR                     0x0800838d   Thumb Code   154  queue.o(i.xQueueReceiveFromISR)
    xQueueSemaphoreTake                      0x08008429   Thumb Code   372  queue.o(i.xQueueSemaphoreTake)
    xTaskCheckForTimeOut                     0x080085a1   Thumb Code   112  tasks.o(i.xTaskCheckForTimeOut)
    xTaskCreate                              0x08008615   Thumb Code    90  tasks.o(i.xTaskCreate)
    xTaskCreateStatic                        0x0800866f   Thumb Code    86  tasks.o(i.xTaskCreateStatic)
    xTaskGetSchedulerState                   0x080086c5   Thumb Code    22  tasks.o(i.xTaskGetSchedulerState)
    xTaskGetTickCount                        0x080086e1   Thumb Code     6  tasks.o(i.xTaskGetTickCount)
    xTaskIncrementTick                       0x080086ed   Thumb Code   192  tasks.o(i.xTaskIncrementTick)
    xTaskPriorityDisinherit                  0x080087b5   Thumb Code   118  tasks.o(i.xTaskPriorityDisinherit)
    xTaskPriorityInherit                     0x08008835   Thumb Code   112  tasks.o(i.xTaskPriorityInherit)
    xTaskRemoveFromEventList                 0x080088ad   Thumb Code    98  tasks.o(i.xTaskRemoveFromEventList)
    xTaskResumeAll                           0x0800891d   Thumb Code   182  tasks.o(i.xTaskResumeAll)
    xTimerCreateTimerTask                    0x080089e1   Thumb Code    78  timers.o(i.xTimerCreateTimerTask)
    xTimerGenericCommand                     0x08008a41   Thumb Code    98  timers.o(i.xTimerGenericCommand)
    __aeabi_dneg                             0x08008aa9   Thumb Code     0  basic.o(x$fpl$basic)
    _dneg                                    0x08008aa9   Thumb Code     6  basic.o(x$fpl$basic)
    __aeabi_fneg                             0x08008aaf   Thumb Code     0  basic.o(x$fpl$basic)
    _fneg                                    0x08008aaf   Thumb Code     6  basic.o(x$fpl$basic)
    _dabs                                    0x08008ab5   Thumb Code     6  basic.o(x$fpl$basic)
    _fabs                                    0x08008abb   Thumb Code     6  basic.o(x$fpl$basic)
    __aeabi_d2f                              0x08008ac1   Thumb Code     0  d2f.o(x$fpl$d2f)
    _d2f                                     0x08008ac1   Thumb Code    98  d2f.o(x$fpl$d2f)
    __aeabi_dadd                             0x08008b25   Thumb Code     0  daddsub_clz.o(x$fpl$dadd)
    _dadd                                    0x08008b25   Thumb Code   332  daddsub_clz.o(x$fpl$dadd)
    __fpl_dcheck_NaN1                        0x08008c75   Thumb Code    10  dcheck1.o(x$fpl$dcheck1)
    __fpl_dcmp_Inf                           0x08008c85   Thumb Code    24  dcmpi.o(x$fpl$dcmpinf)
    __aeabi_ddiv                             0x08008c9d   Thumb Code     0  ddiv.o(x$fpl$ddiv)
    _ddiv                                    0x08008c9d   Thumb Code   552  ddiv.o(x$fpl$ddiv)
    __aeabi_d2iz                             0x08008f4d   Thumb Code     0  dfix.o(x$fpl$dfix)
    _dfix                                    0x08008f4d   Thumb Code    94  dfix.o(x$fpl$dfix)
    __aeabi_i2d                              0x08008fab   Thumb Code     0  dflt_clz.o(x$fpl$dflt)
    _dflt                                    0x08008fab   Thumb Code    46  dflt_clz.o(x$fpl$dflt)
    __aeabi_l2d                              0x08008fd9   Thumb Code     0  dfltll_clz.o(x$fpl$dfltll)
    _ll_sto_d                                0x08008fd9   Thumb Code   162  dfltll_clz.o(x$fpl$dfltll)
    __aeabi_cdcmple                          0x0800907d   Thumb Code     0  dleqf.o(x$fpl$dleqf)
    _dcmple                                  0x0800907d   Thumb Code   120  dleqf.o(x$fpl$dleqf)
    __fpl_dcmple_InfNaN                      0x080090df   Thumb Code     0  dleqf.o(x$fpl$dleqf)
    __aeabi_dmul                             0x080090f5   Thumb Code     0  dmul.o(x$fpl$dmul)
    _dmul                                    0x080090f5   Thumb Code   332  dmul.o(x$fpl$dmul)
    __fpl_dnaninf                            0x08009249   Thumb Code   156  dnaninf.o(x$fpl$dnaninf)
    __fpl_dretinf                            0x080092e5   Thumb Code    12  dretinf.o(x$fpl$dretinf)
    __aeabi_cdrcmple                         0x080092f1   Thumb Code     0  drleqf.o(x$fpl$drleqf)
    _drcmple                                 0x080092f1   Thumb Code   108  drleqf.o(x$fpl$drleqf)
    __aeabi_drsub                            0x0800935d   Thumb Code     0  daddsub_clz.o(x$fpl$drsb)
    _drsb                                    0x0800935d   Thumb Code    22  daddsub_clz.o(x$fpl$drsb)
    _dsqrt                                   0x08009375   Thumb Code   404  dsqrt_umaal.o(x$fpl$dsqrt)
    __aeabi_dsub                             0x0800950d   Thumb Code     0  daddsub_clz.o(x$fpl$dsub)
    _dsub                                    0x0800950d   Thumb Code   464  daddsub_clz.o(x$fpl$dsub)
    __aeabi_f2d                              0x080096e1   Thumb Code     0  f2d.o(x$fpl$f2d)
    _f2d                                     0x080096e1   Thumb Code    86  f2d.o(x$fpl$f2d)
    __fpl_fnaninf                            0x08009737   Thumb Code   140  fnaninf.o(x$fpl$fnaninf)
    _fp_init                                 0x080097c3   Thumb Code    10  fpinit.o(x$fpl$fpinit)
    __fplib_config_fpu_vfp                   0x080097cb   Thumb Code     0  fpinit.o(x$fpl$fpinit)
    __fplib_config_pureend_doubles           0x080097cb   Thumb Code     0  fpinit.o(x$fpl$fpinit)
    __fpl_fretinf                            0x080097cd   Thumb Code    10  fretinf.o(x$fpl$fretinf)
    __aeabi_d2lz                             0x080097d9   Thumb Code     0  dfixll.o(x$fpl$llsfromd)
    _ll_sfrom_d                              0x080097d9   Thumb Code   194  dfixll.o(x$fpl$llsfromd)
    __fpl_return_NaN                         0x0800989b   Thumb Code   100  retnan.o(x$fpl$retnan)
    __ARM_scalbn                             0x080098ff   Thumb Code    92  scalbn.o(x$fpl$scalbn)
    __fpl_cmpreturn                          0x0800995b   Thumb Code    48  trapv.o(x$fpl$trapveneer)
    __I$use$fp                               0x0800998a   Number         0  usenofp.o(x$fpl$usenofp)
    Thread_LED__attributes                   0x0800998c   Data          36  freertos.o(.constdata)
    Thread_Remote_ISR__attributes            0x080099b0   Data          36  freertos.o(.constdata)
    Thread_Gyro_ISR__attributes              0x080099d4   Data          36  freertos.o(.constdata)
    Thread_Gyro1_ISR__attributes             0x080099f8   Data          36  freertos.o(.constdata)
    Thread_ReservedUart3_ISR__attributes     0x08009a1c   Data          36  freertos.o(.constdata)
    Thread_Depth_ISR__attributes             0x08009a40   Data          36  freertos.o(.constdata)
    Thread_Chassis__attributes               0x08009a64   Data          36  freertos.o(.constdata)
    Thread_Attitude__attributes              0x08009a88   Data          36  freertos.o(.constdata)
    Thread_Claw__attributes                  0x08009aac   Data          36  freertos.o(.constdata)
    Thread_FunctionVerify__attributes        0x08009ad0   Data          36  freertos.o(.constdata)
    sem_USART2_ISR__attributes               0x08009af4   Data          16  freertos.o(.constdata)
    sem_USART1_ISR__attributes               0x08009b04   Data          16  freertos.o(.constdata)
    sem_USART6_ISR__attributes               0x08009b14   Data          16  freertos.o(.constdata)
    sem_USART3_ISR__attributes               0x08009b24   Data          16  freertos.o(.constdata)
    AHBPrescTable                            0x08009b3c   Data          16  system_stm32f4xx.o(.constdata)
    APBPrescTable                            0x08009b4c   Data           8  system_stm32f4xx.o(.constdata)
    __mathlib_zero                           0x08009be0   Data           8  qnan.o(.constdata)
    Region$$Table$$Base                      0x08009cec   Number         0  anon$$obj.o(Region$$Table)
    Region$$Table$$Limit                     0x08009d0c   Number         0  anon$$obj.o(Region$$Table)
    send1                                    0x20000000   Data           1  freertos.o(.data)
    send2                                    0x20000001   Data           1  freertos.o(.data)
    Thread_LED_Handle                        0x20000004   Data           4  freertos.o(.data)
    Thread_Remote_ISR_Handle                 0x20000008   Data           4  freertos.o(.data)
    Thread_Gyro_ISR_Handle                   0x2000000c   Data           4  freertos.o(.data)
    Thread_Gyro1_ISR_Handle                  0x20000010   Data           4  freertos.o(.data)
    Thread_ReservedUart3_ISR_Handle          0x20000014   Data           4  freertos.o(.data)
    Thread_Depth_ISR_Handle                  0x20000018   Data           4  freertos.o(.data)
    Thread_Chassis_Handle                    0x2000001c   Data           4  freertos.o(.data)
    Thread_Attitude_Handle                   0x20000020   Data           4  freertos.o(.data)
    Thread_Claw_Handle                       0x20000024   Data           4  freertos.o(.data)
    Thread_FunctionVerify_Handle             0x20000028   Data           4  freertos.o(.data)
    sem_USART2_ISR_Handle                    0x2000002c   Data           4  freertos.o(.data)
    sem_USART1_ISR_Handle                    0x20000030   Data           4  freertos.o(.data)
    sem_USART6_ISR_Handle                    0x20000034   Data           4  freertos.o(.data)
    sem_USART3_ISR_Handle                    0x20000038   Data           4  freertos.o(.data)
    uwTickFreq                               0x2000003c   Data           1  stm32f4xx_hal.o(.data)
    uwTickPrio                               0x20000040   Data           4  stm32f4xx_hal.o(.data)
    uwTick                                   0x20000044   Data           4  stm32f4xx_hal.o(.data)
    SystemCoreClock                          0x20000048   Data           4  system_stm32f4xx.o(.data)
    pxCurrentTCB                             0x2000004c   Data           4  tasks.o(.data)
    promValue                                0x200000d0   Data           2  driver_ms5837.o(.data)
    result2                                  0x200000d2   Data           2  driver_ms5837.o(.data)
    result                                   0x200000d4   Data           4  driver_ms5837.o(.data)
    pres                                     0x200000d8   Data           4  driver_ms5837.o(.data)
    dT                                       0x200000dc   Data           4  driver_ms5837.o(.data)
    temp                                     0x200000e0   Data           4  driver_ms5837.o(.data)
    digitalPressureValue                     0x200000e4   Data           4  driver_ms5837.o(.data)
    digitalTemperatureValue                  0x200000e8   Data           4  driver_ms5837.o(.data)
    ti                                       0x200000f0   Data           8  driver_ms5837.o(.data)
    offi                                     0x200000f8   Data           8  driver_ms5837.o(.data)
    sensi                                    0x20000100   Data           8  driver_ms5837.o(.data)
    off2                                     0x20000108   Data           8  driver_ms5837.o(.data)
    sens2                                    0x20000110   Data           8  driver_ms5837.o(.data)
    off                                      0x20000118   Data           8  driver_ms5837.o(.data)
    sens                                     0x20000120   Data           8  driver_ms5837.o(.data)
    count_depth                              0x20000128   Data           4  driver_depth.o(.data)
    tempure                                  0x2000012c   Data           4  driver_depth.o(.data)
    presure                                  0x20000130   Data           4  driver_depth.o(.data)
    sumDepth                                 0x2000013c   Data           4  driver_depth.o(.data)
    w_depth                                  0x20000140   Data           4  driver_depth.o(.data)
    w_temperature                            0x20000144   Data           4  driver_depth.o(.data)
    w_pressure                               0x20000148   Data           4  driver_depth.o(.data)
    dep                                      0x2000014c   Data           4  driver_depth.o(.data)
    NNNDepth                                 0x20000150   Data           4  driver_depth.o(.data)
    i                                        0x20000154   Data           4  driver_depth.o(.data)
    DT                                       0x20000158   Data           8  driver_depth.o(.data)
    Temperature                              0x20000160   Data           8  driver_depth.o(.data)
    attitude_flag                            0x20000168   Data           4  attitude_control.o(.data)
    Sink_Stable                              0x2000016c   Data           4  attitude_control.o(.data)
    Sink_Speed                               0x20000170   Data           4  attitude_control.o(.data)
    Attitude_SETANGLE_P                      0x2000017c   Data           4  attitude_control.o(.data)
    Attitude_SETANGLE_R                      0x20000180   Data           4  attitude_control.o(.data)
    Attitude_SETANGLE_Y                      0x20000184   Data           4  attitude_control.o(.data)
    limitation                               0x20000188   Data           8  attitude_control.o(.data)
    RemoteControlMode                        0x20000190   Data           1  task_remote.o(.data)
    Dummyswitch                              0x20000194   Data           4  task_servo.o(.data)
    htim6                                    0x20000198   Data          72  stm32f4xx_hal_timebase_tim.o(.bss)
    I2C2_RX_Data                             0x200001e0   Data          32  variables.o(.bss)
    I2C2_TX_Data                             0x20000200   Data          32  variables.o(.bss)
    UART2_TX                                 0x20000220   Data         112  variables.o(.bss)
    UART3_TX                                 0x20000290   Data         112  variables.o(.bss)
    UART5_TX                                 0x20000300   Data         112  variables.o(.bss)
    UART6_TX                                 0x20000370   Data         112  variables.o(.bss)
    UART11_RX                                0x200003e0   Data         112  variables.o(.bss)
    UART11_TX                                0x20000450   Data         112  variables.o(.bss)
    UART12_RX                                0x200004c0   Data         112  variables.o(.bss)
    UART12_TX                                0x20000530   Data         112  variables.o(.bss)
    PROP_Speed                               0x200005a0   Data          32  variables.o(.bss)
    REMO_Data                                0x200005c0   Data          14  variables.o(.bss)
    GYRO1_DATA                               0x200005d0   Data          84  variables.o(.bss)
    RemoteDataPort                           0x20000624   Data          36  variables.o(.bss)
    xQueueRegistry                           0x20000648   Data          64  queue.o(.bss)
    hi2c2                                    0x2000604c   Data          84  i2c.o(.bss)
    hdma_i2c2_rx                             0x200060a0   Data          96  i2c.o(.bss)
    htim1                                    0x20006100   Data          72  tim.o(.bss)
    htim2                                    0x20006148   Data          72  tim.o(.bss)
    htim3                                    0x20006190   Data          72  tim.o(.bss)
    htim4                                    0x200061d8   Data          72  tim.o(.bss)
    htim5                                    0x20006220   Data          72  tim.o(.bss)
    htim8                                    0x20006268   Data          72  tim.o(.bss)
    htim12                                   0x200062b0   Data          72  tim.o(.bss)
    huart5                                   0x200062f8   Data          68  usart.o(.bss)
    huart1                                   0x2000633c   Data          68  usart.o(.bss)
    huart2                                   0x20006380   Data          68  usart.o(.bss)
    huart3                                   0x200063c4   Data          68  usart.o(.bss)
    huart6                                   0x20006408   Data          68  usart.o(.bss)
    hdma_uart5_rx                            0x2000644c   Data          96  usart.o(.bss)
    hdma_uart5_tx                            0x200064ac   Data          96  usart.o(.bss)
    hdma_usart1_rx                           0x2000650c   Data          96  usart.o(.bss)
    hdma_usart2_rx                           0x2000656c   Data          96  usart.o(.bss)
    hdma_usart2_tx                           0x200065cc   Data          96  usart.o(.bss)
    hdma_usart3_rx                           0x2000662c   Data          96  usart.o(.bss)
    hdma_usart3_tx                           0x2000668c   Data          96  usart.o(.bss)
    hdma_usart6_rx                           0x200066ec   Data          96  usart.o(.bss)
    hdma_usart6_tx                           0x2000674c   Data          96  usart.o(.bss)
    UART1_RX                                 0x200067ac   Data         112  bsp_callbacks.o(.bss)
    UART2_RX                                 0x2000681c   Data         112  bsp_callbacks.o(.bss)
    UART3_RX                                 0x2000688c   Data         112  bsp_callbacks.o(.bss)
    UART5_RX                                 0x200068fc   Data         112  bsp_callbacks.o(.bss)
    UART6_RX                                 0x2000696c   Data         112  bsp_callbacks.o(.bss)
    angle_DG                                 0x200069dc   Data          12  driver_servo.o(.bss)
    RemoteData                               0x200069e8   Data          18  driver_remote1.o(.bss)
    DepthData                                0x200069fc   Data          40  driver_depth.o(.bss)
    filterDepth                              0x20006a24   Data          40  driver_depth.o(.bss)
    aa                                       0x20006a4c   Data          20  driver_depth.o(.bss)
    ChassisMotor                             0x20006a60   Data         176  driver_chassis.o(.bss)
    RobotSpeed                               0x20006b10   Data          16  driver_chassis.o(.bss)
    PitchMotor                               0x20006b20   Data          72  attitude_control.o(.bss)
    RollMotor                                0x20006b68   Data          72  attitude_control.o(.bss)
    YawMotor                                 0x20006bb0   Data          72  attitude_control.o(.bss)
    RobotRate                                0x20006bf8   Data          16  attitude_control.o(.bss)
    RobotAngleP                              0x20006c08   Data          16  attitude_control.o(.bss)
    RobotAngleR                              0x20006c18   Data          16  attitude_control.o(.bss)
    RobotAngleY                              0x20006c28   Data          16  attitude_control.o(.bss)
    __libspace_start                         0x20006c38   Data          96  libspace.o(.bss)
    __temporary_stack_top$libspace           0x20006c98   Data           0  libspace.o(.bss)



==============================================================================

Memory Map of the image

  Image Entry point : 0x08000189

  Load Region LR_IROM1 (Base: 0x08000000, Size: 0x00009ea4, Max: 0x00100000, ABSOLUTE, COMPRESSED[0x00009d30])

    Execution Region ER_IROM1 (Base: 0x08000000, Size: 0x00009d0c, Max: 0x00100000, ABSOLUTE)

    Base Addr    Size         Type   Attr      Idx    E Section Name        Object

    0x08000000   0x00000188   Data   RO            3    RESET               startup_stm32f405xx.o
    0x08000188   0x00000008   Code   RO         6353  * !!!main             c_w.l(__main.o)
    0x08000190   0x00000034   Code   RO         6644    !!!scatter          c_w.l(__scatter.o)
    0x080001c4   0x0000005a   Code   RO         6642    !!dczerorl2         c_w.l(__dczerorl2.o)
    0x0800021e   0x00000002   PAD
    0x08000220   0x0000001c   Code   RO         6646    !!handler_zi        c_w.l(__scatter_zi.o)
    0x0800023c   0x00000002   Code   RO         6512    .ARM.Collect$$libinit$$00000000  c_w.l(libinit.o)
    0x0800023e   0x00000004   Code   RO         6523    .ARM.Collect$$libinit$$00000001  c_w.l(libinit2.o)
    0x08000242   0x00000000   Code   RO         6526    .ARM.Collect$$libinit$$00000004  c_w.l(libinit2.o)
    0x08000242   0x00000000   Code   RO         6529    .ARM.Collect$$libinit$$0000000A  c_w.l(libinit2.o)
    0x08000242   0x00000000   Code   RO         6531    .ARM.Collect$$libinit$$0000000C  c_w.l(libinit2.o)
    0x08000242   0x00000000   Code   RO         6533    .ARM.Collect$$libinit$$0000000E  c_w.l(libinit2.o)
    0x08000242   0x00000000   Code   RO         6536    .ARM.Collect$$libinit$$00000011  c_w.l(libinit2.o)
    0x08000242   0x00000000   Code   RO         6538    .ARM.Collect$$libinit$$00000013  c_w.l(libinit2.o)
    0x08000242   0x00000000   Code   RO         6540    .ARM.Collect$$libinit$$00000015  c_w.l(libinit2.o)
    0x08000242   0x00000000   Code   RO         6542    .ARM.Collect$$libinit$$00000017  c_w.l(libinit2.o)
    0x08000242   0x00000000   Code   RO         6544    .ARM.Collect$$libinit$$00000019  c_w.l(libinit2.o)
    0x08000242   0x00000000   Code   RO         6546    .ARM.Collect$$libinit$$0000001B  c_w.l(libinit2.o)
    0x08000242   0x00000000   Code   RO         6548    .ARM.Collect$$libinit$$0000001D  c_w.l(libinit2.o)
    0x08000242   0x00000000   Code   RO         6550    .ARM.Collect$$libinit$$0000001F  c_w.l(libinit2.o)
    0x08000242   0x00000000   Code   RO         6552    .ARM.Collect$$libinit$$00000021  c_w.l(libinit2.o)
    0x08000242   0x00000000   Code   RO         6554    .ARM.Collect$$libinit$$00000023  c_w.l(libinit2.o)
    0x08000242   0x00000000   Code   RO         6556    .ARM.Collect$$libinit$$00000025  c_w.l(libinit2.o)
    0x08000242   0x00000000   Code   RO         6560    .ARM.Collect$$libinit$$0000002C  c_w.l(libinit2.o)
    0x08000242   0x00000000   Code   RO         6562    .ARM.Collect$$libinit$$0000002E  c_w.l(libinit2.o)
    0x08000242   0x00000000   Code   RO         6564    .ARM.Collect$$libinit$$00000030  c_w.l(libinit2.o)
    0x08000242   0x00000000   Code   RO         6566    .ARM.Collect$$libinit$$00000032  c_w.l(libinit2.o)
    0x08000242   0x00000002   Code   RO         6567    .ARM.Collect$$libinit$$00000033  c_w.l(libinit2.o)
    0x08000244   0x00000002   Code   RO         6600    .ARM.Collect$$libshutdown$$00000000  c_w.l(libshutdown.o)
    0x08000246   0x00000000   Code   RO         6627    .ARM.Collect$$libshutdown$$00000003  c_w.l(libshutdown2.o)
    0x08000246   0x00000000   Code   RO         6630    .ARM.Collect$$libshutdown$$00000006  c_w.l(libshutdown2.o)
    0x08000246   0x00000000   Code   RO         6633    .ARM.Collect$$libshutdown$$00000009  c_w.l(libshutdown2.o)
    0x08000246   0x00000000   Code   RO         6635    .ARM.Collect$$libshutdown$$0000000B  c_w.l(libshutdown2.o)
    0x08000246   0x00000000   Code   RO         6638    .ARM.Collect$$libshutdown$$0000000E  c_w.l(libshutdown2.o)
    0x08000246   0x00000002   Code   RO         6639    .ARM.Collect$$libshutdown$$0000000F  c_w.l(libshutdown2.o)
    0x08000248   0x00000000   Code   RO         6411    .ARM.Collect$$rtentry$$00000000  c_w.l(__rtentry.o)
    0x08000248   0x00000000   Code   RO         6471    .ARM.Collect$$rtentry$$00000002  c_w.l(__rtentry2.o)
    0x08000248   0x00000006   Code   RO         6483    .ARM.Collect$$rtentry$$00000004  c_w.l(__rtentry4.o)
    0x0800024e   0x00000000   Code   RO         6473    .ARM.Collect$$rtentry$$00000009  c_w.l(__rtentry2.o)
    0x0800024e   0x00000004   Code   RO         6474    .ARM.Collect$$rtentry$$0000000A  c_w.l(__rtentry2.o)
    0x08000252   0x00000000   Code   RO         6476    .ARM.Collect$$rtentry$$0000000C  c_w.l(__rtentry2.o)
    0x08000252   0x00000008   Code   RO         6477    .ARM.Collect$$rtentry$$0000000D  c_w.l(__rtentry2.o)
    0x0800025a   0x00000002   Code   RO         6515    .ARM.Collect$$rtexit$$00000000  c_w.l(rtexit.o)
    0x0800025c   0x00000000   Code   RO         6573    .ARM.Collect$$rtexit$$00000002  c_w.l(rtexit2.o)
    0x0800025c   0x00000004   Code   RO         6574    .ARM.Collect$$rtexit$$00000003  c_w.l(rtexit2.o)
    0x08000260   0x00000006   Code   RO         6575    .ARM.Collect$$rtexit$$00000004  c_w.l(rtexit2.o)
    0x08000266   0x00000002   PAD
    0x08000268   0x000000be   Code   RO         5280    .emb_text           port.o
    0x08000326   0x00000002   PAD
    0x08000328   0x00000040   Code   RO            4    .text               startup_stm32f405xx.o
    0x08000368   0x000000ee   Code   RO         6339    .text               c_w.l(lludivv7m.o)
    0x08000456   0x0000008a   Code   RO         6341    .text               c_w.l(rt_memcpy_v6.o)
    0x080004e0   0x00000064   Code   RO         6343    .text               c_w.l(rt_memcpy_w.o)
    0x08000544   0x00000010   Code   RO         6347    .text               c_w.l(aeabi_memset.o)
    0x08000554   0x0000004e   Code   RO         6349    .text               c_w.l(rt_memclr_w.o)
    0x080005a2   0x00000006   Code   RO         6351    .text               c_w.l(heapauxi.o)
    0x080005a8   0x00000016   Code   RO         6416    .text               c_w.l(_rserrno.o)
    0x080005be   0x00000044   Code   RO         6418    .text               c_w.l(rt_memclr.o)
    0x08000602   0x00000002   PAD
    0x08000604   0x00000008   Code   RO         6490    .text               c_w.l(rt_errno_addr_intlibspace.o)
    0x0800060c   0x00000008   Code   RO         6496    .text               c_w.l(libspace.o)
    0x08000614   0x0000004a   Code   RO         6499    .text               c_w.l(sys_stackheap_outer.o)
    0x0800065e   0x0000000c   Code   RO         6501    .text               c_w.l(exit.o)
    0x0800066a   0x00000002   PAD
    0x0800066c   0x0000000c   Code   RO         6570    .text               c_w.l(sys_exit.o)
    0x08000678   0x00000002   Code   RO         6589    .text               c_w.l(use_no_semi.o)
    0x0800067a   0x00000000   Code   RO         6591    .text               c_w.l(indicate_semi.o)
    0x0800067a   0x00000002   PAD
    0x0800067c   0x000000e4   Code   RO         6132    i.AttitudeCaculate  attitude_control.o
    0x08000760   0x0000002c   Code   RO         6316    i.AttitudeControlTask  task_attitude.o
    0x0800078c   0x00000090   Code   RO         6133    i.AttitudeInit      attitude_control.o
    0x0800081c   0x000003a8   Code   RO         6134    i.AttitudeMotorCaculate  attitude_control.o
    0x08000bc4   0x00000078   Code   RO         6206    i.AutoModeProcessData  task_remote.o
    0x08000c3c   0x00000002   Code   RO          372    i.BusFault_Handler  stm32f4xx_it.o
    0x08000c3e   0x00000002   PAD
    0x08000c40   0x00000068   Code   RO         5744    i.COMM_Receive      bsp_comm.o
    0x08000ca8   0x000000e4   Code   RO         6084    i.ChassisCaculate   driver_chassis.o
    0x08000d8c   0x00000020   Code   RO         6292    i.ChassisControlTask  task_chassis.o
    0x08000dac   0x00000048   Code   RO         6085    i.ChassisInit       driver_chassis.o
    0x08000df4   0x0000000c   Code   RO          373    i.DMA1_Stream0_IRQHandler  stm32f4xx_it.o
    0x08000e00   0x0000000c   Code   RO          374    i.DMA1_Stream1_IRQHandler  stm32f4xx_it.o
    0x08000e0c   0x0000000c   Code   RO          375    i.DMA1_Stream2_IRQHandler  stm32f4xx_it.o
    0x08000e18   0x0000000c   Code   RO          376    i.DMA1_Stream3_IRQHandler  stm32f4xx_it.o
    0x08000e24   0x0000000c   Code   RO          377    i.DMA1_Stream5_IRQHandler  stm32f4xx_it.o
    0x08000e30   0x0000000c   Code   RO          378    i.DMA1_Stream6_IRQHandler  stm32f4xx_it.o
    0x08000e3c   0x0000000c   Code   RO          379    i.DMA1_Stream7_IRQHandler  stm32f4xx_it.o
    0x08000e48   0x0000000c   Code   RO          380    i.DMA2_Stream1_IRQHandler  stm32f4xx_it.o
    0x08000e54   0x0000000c   Code   RO          381    i.DMA2_Stream2_IRQHandler  stm32f4xx_it.o
    0x08000e60   0x0000000c   Code   RO          382    i.DMA2_Stream6_IRQHandler  stm32f4xx_it.o
    0x08000e6c   0x00000028   Code   RO         1111    i.DMA_CalcBaseAndBitshift  stm32f4xx_hal_dma.o
    0x08000e94   0x00000054   Code   RO         1112    i.DMA_CheckFifoParam  stm32f4xx_hal_dma.o
    0x08000ee8   0x00000028   Code   RO         1113    i.DMA_SetConfig     stm32f4xx_hal_dma.o
    0x08000f10   0x00000002   Code   RO          383    i.DebugMon_Handler  stm32f4xx_it.o
    0x08000f12   0x00000004   Code   RO           13    i.Error_Handler     main.o
    0x08000f16   0x00000002   PAD
    0x08000f18   0x00000308   Code   RO         5360    i.GetMS5837ConversionValue  driver_ms5837.o
    0x08001220   0x00000018   Code   RO         6086    i.GetSpeedW         driver_chassis.o
    0x08001238   0x00000020   Code   RO         6087    i.GetSpeedX_Y       driver_chassis.o
    0x08001258   0x00000054   Code   RO         6135    i.GetangleP         attitude_control.o
    0x080012ac   0x00000068   Code   RO         6136    i.GetangleR         attitude_control.o
    0x08001314   0x0000003c   Code   RO         6137    i.GetangleY         attitude_control.o
    0x08001350   0x00000028   Code   RO         6138    i.GetrateP_R        attitude_control.o
    0x08001378   0x00000092   Code   RO         1114    i.HAL_DMA_Abort     stm32f4xx_hal_dma.o
    0x0800140a   0x00000024   Code   RO         1115    i.HAL_DMA_Abort_IT  stm32f4xx_hal_dma.o
    0x0800142e   0x00000006   Code   RO         1118    i.HAL_DMA_GetState  stm32f4xx_hal_dma.o
    0x08001434   0x000001a0   Code   RO         1119    i.HAL_DMA_IRQHandler  stm32f4xx_hal_dma.o
    0x080015d4   0x000000d4   Code   RO         1120    i.HAL_DMA_Init      stm32f4xx_hal_dma.o
    0x080016a8   0x0000006e   Code   RO         1124    i.HAL_DMA_Start_IT  stm32f4xx_hal_dma.o
    0x08001716   0x00000002   PAD
    0x08001718   0x000001f0   Code   RO         1007    i.HAL_GPIO_Init     stm32f4xx_hal_gpio.o
    0x08001908   0x00000010   Code   RO         1010    i.HAL_GPIO_TogglePin  stm32f4xx_hal_gpio.o
    0x08001918   0x0000000a   Code   RO         1011    i.HAL_GPIO_WritePin  stm32f4xx_hal_gpio.o
    0x08001922   0x00000002   PAD
    0x08001924   0x0000000c   Code   RO         1539    i.HAL_GetTick       stm32f4xx_hal.o
    0x08001930   0x00000002   Code   RO         1784    i.HAL_I2C_AbortCpltCallback  stm32f4xx_hal_i2c.o
    0x08001932   0x00000002   Code   RO         1785    i.HAL_I2C_AddrCallback  stm32f4xx_hal_i2c.o
    0x08001934   0x000000ba   Code   RO         1788    i.HAL_I2C_ER_IRQHandler  stm32f4xx_hal_i2c.o
    0x080019ee   0x00000230   Code   RO         1789    i.HAL_I2C_EV_IRQHandler  stm32f4xx_hal_i2c.o
    0x08001c1e   0x00000002   Code   RO         1791    i.HAL_I2C_ErrorCallback  stm32f4xx_hal_i2c.o
    0x08001c20   0x00000188   Code   RO         1795    i.HAL_I2C_Init      stm32f4xx_hal_i2c.o
    0x08001da8   0x00000002   Code   RO         1797    i.HAL_I2C_ListenCpltCallback  stm32f4xx_hal_i2c.o
    0x08001daa   0x00000002   Code   RO         1798    i.HAL_I2C_MasterRxCpltCallback  stm32f4xx_hal_i2c.o
    0x08001dac   0x00000002   Code   RO         1799    i.HAL_I2C_MasterTxCpltCallback  stm32f4xx_hal_i2c.o
    0x08001dae   0x00000002   Code   RO         1811    i.HAL_I2C_MemRxCpltCallback  stm32f4xx_hal_i2c.o
    0x08001db0   0x00000002   Code   RO         1812    i.HAL_I2C_MemTxCpltCallback  stm32f4xx_hal_i2c.o
    0x08001db2   0x00000002   PAD
    0x08001db4   0x000000c4   Code   RO         5461    i.HAL_I2C_MspInit   i2c.o
    0x08001e78   0x00000002   Code   RO         1821    i.HAL_I2C_SlaveRxCpltCallback  stm32f4xx_hal_i2c.o
    0x08001e7a   0x00000002   Code   RO         1822    i.HAL_I2C_SlaveTxCpltCallback  stm32f4xx_hal_i2c.o
    0x08001e7c   0x00000010   Code   RO         1545    i.HAL_IncTick       stm32f4xx_hal.o
    0x08001e8c   0x00000034   Code   RO         1546    i.HAL_Init          stm32f4xx_hal.o
    0x08001ec0   0x00000074   Code   RO          569    i.HAL_InitTick      stm32f4xx_hal_timebase_tim.o
    0x08001f34   0x00000038   Code   RO          545    i.HAL_MspInit       stm32f4xx_hal_msp.o
    0x08001f6c   0x0000001a   Code   RO         1396    i.HAL_NVIC_EnableIRQ  stm32f4xx_hal_cortex.o
    0x08001f86   0x00000002   PAD
    0x08001f88   0x00000040   Code   RO         1402    i.HAL_NVIC_SetPriority  stm32f4xx_hal_cortex.o
    0x08001fc8   0x00000024   Code   RO         1403    i.HAL_NVIC_SetPriorityGrouping  stm32f4xx_hal_cortex.o
    0x08001fec   0x00000134   Code   RO          653    i.HAL_RCC_ClockConfig  stm32f4xx_hal_rcc.o
    0x08002120   0x00000040   Code   RO          657    i.HAL_RCC_GetClockConfig  stm32f4xx_hal_rcc.o
    0x08002160   0x00000020   Code   RO          660    i.HAL_RCC_GetPCLK1Freq  stm32f4xx_hal_rcc.o
    0x08002180   0x00000020   Code   RO          661    i.HAL_RCC_GetPCLK2Freq  stm32f4xx_hal_rcc.o
    0x080021a0   0x00000064   Code   RO          662    i.HAL_RCC_GetSysClockFreq  stm32f4xx_hal_rcc.o
    0x08002204   0x0000036c   Code   RO          665    i.HAL_RCC_OscConfig  stm32f4xx_hal_rcc.o
    0x08002570   0x00000002   Code   RO         2940    i.HAL_TIMEx_BreakCallback  stm32f4xx_hal_tim_ex.o
    0x08002572   0x00000002   Code   RO         2941    i.HAL_TIMEx_CommutCallback  stm32f4xx_hal_tim_ex.o
    0x08002574   0x00000054   Code   RO         2943    i.HAL_TIMEx_ConfigBreakDeadTime  stm32f4xx_hal_tim_ex.o
    0x080025c8   0x00000090   Code   RO         2959    i.HAL_TIMEx_MasterConfigSynchronization  stm32f4xx_hal_tim_ex.o
    0x08002658   0x0000005a   Code   RO         2236    i.HAL_TIM_Base_Init  stm32f4xx_hal_tim.o
    0x080026b2   0x00000002   PAD
    0x080026b4   0x000000a0   Code   RO         5503    i.HAL_TIM_Base_MspInit  tim.o
    0x08002754   0x00000080   Code   RO         2241    i.HAL_TIM_Base_Start_IT  stm32f4xx_hal_tim.o
    0x080027d4   0x000000dc   Code   RO         2245    i.HAL_TIM_ConfigClockSource  stm32f4xx_hal_tim.o
    0x080028b0   0x00000002   Code   RO         2270    i.HAL_TIM_IC_CaptureCallback  stm32f4xx_hal_tim.o
    0x080028b2   0x00000166   Code   RO         2284    i.HAL_TIM_IRQHandler  stm32f4xx_hal_tim.o
    0x08002a18   0x00000200   Code   RO         5504    i.HAL_TIM_MspPostInit  tim.o
    0x08002c18   0x00000002   Code   RO         2287    i.HAL_TIM_OC_DelayElapsedCallback  stm32f4xx_hal_tim.o
    0x08002c1a   0x000000cc   Code   RO         2308    i.HAL_TIM_PWM_ConfigChannel  stm32f4xx_hal_tim.o
    0x08002ce6   0x0000005a   Code   RO         2311    i.HAL_TIM_PWM_Init  stm32f4xx_hal_tim.o
    0x08002d40   0x00000028   Code   RO         5506    i.HAL_TIM_PWM_MspInit  tim.o
    0x08002d68   0x00000002   Code   RO         2314    i.HAL_TIM_PWM_PulseFinishedCallback  stm32f4xx_hal_tim.o
    0x08002d6a   0x00000002   PAD
    0x08002d6c   0x000000c8   Code   RO         2316    i.HAL_TIM_PWM_Start  stm32f4xx_hal_tim.o
    0x08002e34   0x00000014   Code   RO           14    i.HAL_TIM_PeriodElapsedCallback  main.o
    0x08002e48   0x00000002   Code   RO         2327    i.HAL_TIM_TriggerCallback  stm32f4xx_hal_tim.o
    0x08002e4a   0x00000002   Code   RO         3218    i.HAL_UARTEx_RxEventCallback  stm32f4xx_hal_uart.o
    0x08002e4c   0x00000070   Code   RO         3230    i.HAL_UART_DMAStop  stm32f4xx_hal_uart.o
    0x08002ebc   0x00000002   Code   RO         3232    i.HAL_UART_ErrorCallback  stm32f4xx_hal_uart.o
    0x08002ebe   0x00000002   PAD
    0x08002ec0   0x00000268   Code   RO         3235    i.HAL_UART_IRQHandler  stm32f4xx_hal_uart.o
    0x08003128   0x00000062   Code   RO         3236    i.HAL_UART_Init     stm32f4xx_hal_uart.o
    0x0800318a   0x00000002   PAD
    0x0800318c   0x00000404   Code   RO         5599    i.HAL_UART_MspInit  usart.o
    0x08003590   0x0000002a   Code   RO         3240    i.HAL_UART_Receive_DMA  stm32f4xx_hal_uart.o
    0x080035ba   0x00000002   Code   RO         3242    i.HAL_UART_RxCpltCallback  stm32f4xx_hal_uart.o
    0x080035bc   0x00000002   Code   RO         3243    i.HAL_UART_RxHalfCpltCallback  stm32f4xx_hal_uart.o
    0x080035be   0x00000002   Code   RO         3247    i.HAL_UART_TxCpltCallback  stm32f4xx_hal_uart.o
    0x080035c0   0x00000002   Code   RO          384    i.HardFault_Handler  stm32f4xx_it.o
    0x080035c2   0x00000002   PAD
    0x080035c4   0x0000000c   Code   RO          385    i.I2C2_ER_IRQHandler  stm32f4xx_it.o
    0x080035d0   0x0000000c   Code   RO          386    i.I2C2_EV_IRQHandler  stm32f4xx_it.o
    0x080035dc   0x000000bc   Code   RO         1833    i.I2C_DMAAbort      stm32f4xx_hal_i2c.o
    0x08003698   0x00000158   Code   RO         1836    i.I2C_ITError       stm32f4xx_hal_i2c.o
    0x080037f0   0x000000d2   Code   RO         1838    i.I2C_MasterReceive_BTF  stm32f4xx_hal_i2c.o
    0x080038c2   0x00000002   PAD
    0x080038c4   0x000000e8   Code   RO         1839    i.I2C_MasterReceive_RXNE  stm32f4xx_hal_i2c.o
    0x080039ac   0x00000082   Code   RO         1842    i.I2C_MasterTransmit_BTF  stm32f4xx_hal_i2c.o
    0x08003a2e   0x00000002   PAD
    0x08003a30   0x000000b6   Code   RO         1843    i.I2C_MasterTransmit_TXE  stm32f4xx_hal_i2c.o
    0x08003ae6   0x00000002   PAD
    0x08003ae8   0x00000118   Code   RO         1844    i.I2C_Master_ADDR   stm32f4xx_hal_i2c.o
    0x08003c00   0x0000008c   Code   RO         1845    i.I2C_Master_SB     stm32f4xx_hal_i2c.o
    0x08003c8c   0x000000a0   Code   RO         1846    i.I2C_MemoryTransmit_TXE_BTF  stm32f4xx_hal_i2c.o
    0x08003d2c   0x00000046   Code   RO         1849    i.I2C_Slave_ADDR    stm32f4xx_hal_i2c.o
    0x08003d72   0x00000002   PAD
    0x08003d74   0x00000084   Code   RO         1850    i.I2C_Slave_AF      stm32f4xx_hal_i2c.o
    0x08003df8   0x0000015c   Code   RO         1851    i.I2C_Slave_STOPF   stm32f4xx_hal_i2c.o
    0x08003f54   0x00000014   Code   RO         5868    i.JudgeDataValidity  driver_remote1.o
    0x08003f68   0x00000064   Code   RO         6207    i.KeyboardModeProcessData  task_remote.o
    0x08003fcc   0x000000cc   Code   RO         5412    i.MX_DMA_Init       dma.o
    0x08004098   0x000000fc   Code   RO          213    i.MX_FREERTOS_Init  freertos.o
    0x08004194   0x00000098   Code   RO         5436    i.MX_GPIO_Init      gpio.o
    0x0800422c   0x00000040   Code   RO         5462    i.MX_I2C2_Init      i2c.o
    0x0800426c   0x00000094   Code   RO         5507    i.MX_TIM12_Init     tim.o
    0x08004300   0x000000d8   Code   RO         5508    i.MX_TIM1_Init      tim.o
    0x080043d8   0x000000a8   Code   RO         5509    i.MX_TIM2_Init      tim.o
    0x08004480   0x00000098   Code   RO         5510    i.MX_TIM3_Init      tim.o
    0x08004518   0x00000098   Code   RO         5511    i.MX_TIM4_Init      tim.o
    0x080045b0   0x00000070   Code   RO         5512    i.MX_TIM5_Init      tim.o
    0x08004620   0x000000d8   Code   RO         5513    i.MX_TIM8_Init      tim.o
    0x080046f8   0x00000050   Code   RO         5600    i.MX_UART5_Init     usart.o
    0x08004748   0x00000058   Code   RO         5601    i.MX_USART1_UART_Init  usart.o
    0x080047a0   0x00000050   Code   RO         5602    i.MX_USART2_UART_Init  usart.o
    0x080047f0   0x00000050   Code   RO         5603    i.MX_USART3_UART_Init  usart.o
    0x08004840   0x00000050   Code   RO         5604    i.MX_USART6_UART_Init  usart.o
    0x08004890   0x00000002   Code   RO          387    i.MemManage_Handler  stm32f4xx_it.o
    0x08004892   0x00000002   PAD
    0x08004894   0x000000dc   Code   RO         6265    i.ModeChooseandExcute  task_servo.o
    0x08004970   0x00000002   Code   RO          388    i.NMI_Handler       stm32f4xx_it.o
    0x08004972   0x00000096   Code   RO         5974    i.PID_SingleCalc    pid.o
    0x08004a08   0x000000ec   Code   RO         5778    i.PROP_SpeedSet     driver_propellor.o
    0x08004af4   0x00000080   Code   RO         5807    i.REMO_GetData      driver_remote.o
    0x08004b74   0x00000020   Code   RO         5808    i.REMO_VerifyBuf    driver_remote.o
    0x08004b94   0x0000005c   Code   RO         6014    i.ReadDepth         driver_depth.o
    0x08004bf0   0x00000034   Code   RO         6015    i.ReadMS5837        driver_depth.o
    0x08004c24   0x00000080   Code   RO         6208    i.RemoteDataCalculate  task_remote.o
    0x08004ca4   0x0000023c   Code   RO         5870    i.RemoteDataProcess  driver_remote1.o
    0x08004ee0   0x00000064   Code   RO         6210    i.RemoteModeProcessData  task_remote.o
    0x08004f44   0x00000084   Code   RO         6211    i.RemoteTaskControl  task_remote.o
    0x08004fc8   0x00000114   Code   RO         5871    i.RockerDataConvert  driver_remote1.o
    0x080050dc   0x0000002c   Code   RO         5837    i.SEVO_AngleSet     driver_servo.o
    0x08005108   0x0000001a   Code   RO         4712    i.SysTick_Handler   cmsis_os2.o
    0x08005122   0x00000002   PAD
    0x08005124   0x00000098   Code   RO           15    i.SystemClock_Config  main.o
    0x080051bc   0x00000010   Code   RO         3565    i.SystemInit        system_stm32f4xx.o
    0x080051cc   0x0000000c   Code   RO          389    i.TIM6_DAC_IRQHandler  stm32f4xx_it.o
    0x080051d8   0x000000c8   Code   RO         2329    i.TIM_Base_SetConfig  stm32f4xx_hal_tim.o
    0x080052a0   0x0000001a   Code   RO         2330    i.TIM_CCxChannelCmd  stm32f4xx_hal_tim.o
    0x080052ba   0x00000014   Code   RO         2340    i.TIM_ETR_SetConfig  stm32f4xx_hal_tim.o
    0x080052ce   0x00000010   Code   RO         2341    i.TIM_ITRx_SetConfig  stm32f4xx_hal_tim.o
    0x080052de   0x00000002   PAD
    0x080052e0   0x00000060   Code   RO         2342    i.TIM_OC1_SetConfig  stm32f4xx_hal_tim.o
    0x08005340   0x0000006c   Code   RO         2343    i.TIM_OC2_SetConfig  stm32f4xx_hal_tim.o
    0x080053ac   0x00000068   Code   RO         2344    i.TIM_OC3_SetConfig  stm32f4xx_hal_tim.o
    0x08005414   0x00000050   Code   RO         2345    i.TIM_OC4_SetConfig  stm32f4xx_hal_tim.o
    0x08005464   0x00000022   Code   RO         2347    i.TIM_TI1_ConfigInputStage  stm32f4xx_hal_tim.o
    0x08005486   0x00000024   Code   RO         2349    i.TIM_TI2_ConfigInputStage  stm32f4xx_hal_tim.o
    0x080054aa   0x00000010   Code   RO          214    i.Thread_Attitude   freertos.o
    0x080054ba   0x00000010   Code   RO          215    i.Thread_Chassis    freertos.o
    0x080054ca   0x00000002   PAD
    0x080054cc   0x0000002c   Code   RO          216    i.Thread_Claw       freertos.o
    0x080054f8   0x00000008   Code   RO          217    i.Thread_Depth_ISR  freertos.o
    0x08005500   0x00000018   Code   RO          218    i.Thread_FunctionVerify  freertos.o
    0x08005518   0x00000024   Code   RO          219    i.Thread_Gyro1_ISR  freertos.o
    0x0800553c   0x00000038   Code   RO          220    i.Thread_Gyro_ISR   freertos.o
    0x08005574   0x00000024   Code   RO          221    i.Thread_LED        freertos.o
    0x08005598   0x00000014   Code   RO          222    i.Thread_Remote_ISR  freertos.o
    0x080055ac   0x00000008   Code   RO          223    i.Thread_ReservedUart3_ISR  freertos.o
    0x080055b4   0x0000001c   Code   RO          390    i.UART5_IRQHandler  stm32f4xx_it.o
    0x080055d0   0x00000010   Code   RO         3249    i.UART_DMAAbortOnError  stm32f4xx_hal_uart.o
    0x080055e0   0x0000004a   Code   RO         3250    i.UART_DMAError     stm32f4xx_hal_uart.o
    0x0800562a   0x00000082   Code   RO         3251    i.UART_DMAReceiveCplt  stm32f4xx_hal_uart.o
    0x080056ac   0x0000001a   Code   RO         3253    i.UART_DMARxHalfCplt  stm32f4xx_hal_uart.o
    0x080056c6   0x0000004e   Code   RO         3259    i.UART_EndRxTransfer  stm32f4xx_hal_uart.o
    0x08005714   0x0000001c   Code   RO         3260    i.UART_EndTxTransfer  stm32f4xx_hal_uart.o
    0x08005730   0x000000c0   Code   RO         3261    i.UART_Receive_IT   stm32f4xx_hal_uart.o
    0x080057f0   0x0000010c   Code   RO         3262    i.UART_SetConfig    stm32f4xx_hal_uart.o
    0x080058fc   0x00000090   Code   RO         3263    i.UART_Start_Receive_DMA  stm32f4xx_hal_uart.o
    0x0800598c   0x0000001c   Code   RO          391    i.USART1_IRQHandler  stm32f4xx_it.o
    0x080059a8   0x0000001c   Code   RO          392    i.USART2_IRQHandler  stm32f4xx_it.o
    0x080059c4   0x0000001c   Code   RO          393    i.USART3_IRQHandler  stm32f4xx_it.o
    0x080059e0   0x0000001c   Code   RO          394    i.USART6_IRQHandler  stm32f4xx_it.o
    0x080059fc   0x00000180   Code   RO         5667    i.UartIDLE_Callback  bsp_callbacks.o
    0x08005b7c   0x00000002   Code   RO          395    i.UsageFault_Handler  stm32f4xx_it.o
    0x08005b7e   0x00000002   PAD
    0x08005b80   0x00000060   Code   RO         6139    i.YawSingularity    attitude_control.o
    0x08005be0   0x00000030   Code   RO         6453    i.__ARM_fpclassify  m_wm.l(fpclassify.o)
    0x08005c10   0x00000020   Code   RO         1409    i.__NVIC_SetPriority  stm32f4xx_hal_cortex.o
    0x08005c30   0x00000c38   Code   RO         6397    i.__hardfp_pow      m_wm.l(pow.o)
    0x08006868   0x000000f8   Code   RO         6455    i.__kernel_poly     m_wm.l(poly.o)
    0x08006960   0x00000030   Code   RO         6433    i.__mathlib_dbl_divzero  m_wm.l(dunder.o)
    0x08006990   0x00000014   Code   RO         6435    i.__mathlib_dbl_infnan2  m_wm.l(dunder.o)
    0x080069a4   0x00000004   PAD
    0x080069a8   0x00000020   Code   RO         6436    i.__mathlib_dbl_invalid  m_wm.l(dunder.o)
    0x080069c8   0x00000020   Code   RO         6437    i.__mathlib_dbl_overflow  m_wm.l(dunder.o)
    0x080069e8   0x00000020   Code   RO         6439    i.__mathlib_dbl_underflow  m_wm.l(dunder.o)
    0x08006a08   0x00000004   Code   RO         5705    i.bsp_init          bspconfig.o
    0x08006a0c   0x000000b0   Code   RO          608    i.bsp_variables_init  variables.o
    0x08006abc   0x00000018   Code   RO         6016    i.depth             driver_depth.o
    0x08006ad4   0x00000018   Code   RO         6449    i.fabs              m_wm.l(fabs.o)
    0x08006aec   0x0000010c   Code   RO         5917    i.get_HI229UMGyroData  driver_hi229um.o
    0x08006bf8   0x00000056   Code   RO           16    i.main              main.o
    0x08006c4e   0x0000001a   Code   RO         4714    i.osDelay           cmsis_os2.o
    0x08006c68   0x00000024   Code   RO         4728    i.osKernelInitialize  cmsis_os2.o
    0x08006c8c   0x00000038   Code   RO         4731    i.osKernelStart     cmsis_os2.o
    0x08006cc4   0x0000005c   Code   RO         4756    i.osSemaphoreAcquire  cmsis_os2.o
    0x08006d20   0x00000098   Code   RO         4759    i.osSemaphoreNew    cmsis_os2.o
    0x08006db8   0x00000054   Code   RO         4760    i.osSemaphoreRelease  cmsis_os2.o
    0x08006e0c   0x00000088   Code   RO         4773    i.osThreadNew       cmsis_os2.o
    0x08006e94   0x0000005c   Code   RO         4173    i.prvAddCurrentTaskToDelayedList  tasks.o
    0x08006ef0   0x000000d0   Code   RO         4174    i.prvAddNewTaskToReadyList  tasks.o
    0x08006fc0   0x00000058   Code   RO         4538    i.prvCheckForValidListAndQueue  timers.o
    0x08007018   0x00000026   Code   RO         3770    i.prvCopyDataFromQueue  queue.o
    0x0800703e   0x0000006c   Code   RO         3771    i.prvCopyDataToQueue  queue.o
    0x080070aa   0x00000034   Code   RO         4175    i.prvDeleteTCB      tasks.o
    0x080070de   0x00000002   PAD
    0x080070e0   0x0000004c   Code   RO         5225    i.prvHeapInit       heap_4.o
    0x0800712c   0x00000060   Code   RO         4176    i.prvIdleTask       tasks.o
    0x0800718c   0x00000022   Code   RO         3773    i.prvInitialiseNewQueue  queue.o
    0x080071ae   0x00000002   PAD
    0x080071b0   0x000000b0   Code   RO         4177    i.prvInitialiseNewTask  tasks.o
    0x08007260   0x0000004c   Code   RO         5226    i.prvInsertBlockIntoFreeList  heap_4.o
    0x080072ac   0x00000038   Code   RO         4540    i.prvInsertTimerInActiveList  timers.o
    0x080072e4   0x0000001c   Code   RO         3774    i.prvIsQueueEmpty   queue.o
    0x08007300   0x000000fc   Code   RO         4541    i.prvProcessReceivedCommands  timers.o
    0x080073fc   0x000000c0   Code   RO         4542    i.prvProcessTimerOrBlockTask  timers.o
    0x080074bc   0x00000020   Code   RO         4179    i.prvResetNextTaskUnblockTime  tasks.o
    0x080074dc   0x00000028   Code   RO         4543    i.prvSampleTimeNow  timers.o
    0x08007504   0x0000006c   Code   RO         4544    i.prvSwitchTimerLists  timers.o
    0x08007570   0x00000028   Code   RO         5281    i.prvTaskExitError  port.o
    0x08007598   0x00000024   Code   RO         4545    i.prvTimerTask      timers.o
    0x080075bc   0x0000006a   Code   RO         3775    i.prvUnlockQueue    queue.o
    0x08007626   0x00000002   PAD
    0x08007628   0x000000dc   Code   RO         5227    i.pvPortMalloc      heap_4.o
    0x08007704   0x00000018   Code   RO         4182    i.pvTaskIncrementMutexHeldCount  tasks.o
    0x0800771c   0x0000002c   Code   RO         5282    i.pxPortInitialiseStack  port.o
    0x08007748   0x0000006e   Code   RO         6460    i.sqrt              m_wm.l(sqrt.o)
    0x080077b6   0x00000026   Code   RO         3730    i.uxListRemove      list.o
    0x080077dc   0x00000014   Code   RO         4785    i.vApplicationGetIdleTaskMemory  cmsis_os2.o
    0x080077f0   0x00000014   Code   RO         4786    i.vApplicationGetTimerTaskMemory  cmsis_os2.o
    0x08007804   0x00000016   Code   RO         3731    i.vListInitialise   list.o
    0x0800781a   0x00000006   Code   RO         3732    i.vListInitialiseItem  list.o
    0x08007820   0x00000030   Code   RO         3733    i.vListInsert       list.o
    0x08007850   0x00000018   Code   RO         3734    i.vListInsertEnd    list.o
    0x08007868   0x00000040   Code   RO         5284    i.vPortEnterCritical  port.o
    0x080078a8   0x00000028   Code   RO         5285    i.vPortExitCritical  port.o
    0x080078d0   0x00000064   Code   RO         5228    i.vPortFree         heap_4.o
    0x08007934   0x00000024   Code   RO         5286    i.vPortSetupTimerInterrupt  port.o
    0x08007958   0x00000054   Code   RO         5287    i.vPortValidateInterruptPriority  port.o
    0x080079ac   0x00000028   Code   RO         3781    i.vQueueAddToRegistry  queue.o
    0x080079d4   0x0000002e   Code   RO         3782    i.vQueueDelete      queue.o
    0x08007a02   0x00000002   PAD
    0x08007a04   0x00000028   Code   RO         3784    i.vQueueUnregisterQueue  queue.o
    0x08007a2c   0x00000044   Code   RO         3785    i.vQueueWaitForMessageRestricted  queue.o
    0x08007a70   0x0000004c   Code   RO         4192    i.vTaskDelay        tasks.o
    0x08007abc   0x00000010   Code   RO         4197    i.vTaskInternalSetTimeOutState  tasks.o
    0x08007acc   0x0000000c   Code   RO         4198    i.vTaskMissedYield  tasks.o
    0x08007ad8   0x00000030   Code   RO         4200    i.vTaskPlaceOnEventList  tasks.o
    0x08007b08   0x00000038   Code   RO         4201    i.vTaskPlaceOnEventListRestricted  tasks.o
    0x08007b40   0x00000090   Code   RO         4203    i.vTaskPriorityDisinheritAfterTimeout  tasks.o
    0x08007bd0   0x00000088   Code   RO         4209    i.vTaskStartScheduler  tasks.o
    0x08007c58   0x00000010   Code   RO         4211    i.vTaskSuspendAll   tasks.o
    0x08007c68   0x00000064   Code   RO         4212    i.vTaskSwitchContext  tasks.o
    0x08007ccc   0x000000f4   Code   RO         5288    i.xPortStartScheduler  port.o
    0x08007dc0   0x0000002c   Code   RO         5289    i.xPortSysTickHandler  port.o
    0x08007dec   0x0000003a   Code   RO         3786    i.xQueueCreateCountingSemaphore  queue.o
    0x08007e26   0x00000040   Code   RO         3787    i.xQueueCreateCountingSemaphoreStatic  queue.o
    0x08007e66   0x00000042   Code   RO         3790    i.xQueueGenericCreate  queue.o
    0x08007ea8   0x00000066   Code   RO         3791    i.xQueueGenericCreateStatic  queue.o
    0x08007f0e   0x00000002   PAD
    0x08007f10   0x00000088   Code   RO         3792    i.xQueueGenericReset  queue.o
    0x08007f98   0x00000160   Code   RO         3793    i.xQueueGenericSend  queue.o
    0x080080f8   0x000000be   Code   RO         3794    i.xQueueGenericSendFromISR  queue.o
    0x080081b6   0x0000009c   Code   RO         3797    i.xQueueGiveFromISR  queue.o
    0x08008252   0x00000002   PAD
    0x08008254   0x00000138   Code   RO         3803    i.xQueueReceive     queue.o
    0x0800838c   0x0000009a   Code   RO         3804    i.xQueueReceiveFromISR  queue.o
    0x08008426   0x00000002   PAD
    0x08008428   0x00000178   Code   RO         3805    i.xQueueSemaphoreTake  queue.o
    0x080085a0   0x00000074   Code   RO         4214    i.xTaskCheckForTimeOut  tasks.o
    0x08008614   0x0000005a   Code   RO         4215    i.xTaskCreate       tasks.o
    0x0800866e   0x00000056   Code   RO         4216    i.xTaskCreateStatic  tasks.o
    0x080086c4   0x0000001c   Code   RO         4220    i.xTaskGetSchedulerState  tasks.o
    0x080086e0   0x0000000c   Code   RO         4221    i.xTaskGetTickCount  tasks.o
    0x080086ec   0x000000c8   Code   RO         4223    i.xTaskIncrementTick  tasks.o
    0x080087b4   0x00000080   Code   RO         4226    i.xTaskPriorityDisinherit  tasks.o
    0x08008834   0x00000078   Code   RO         4227    i.xTaskPriorityInherit  tasks.o
    0x080088ac   0x00000070   Code   RO         4228    i.xTaskRemoveFromEventList  tasks.o
    0x0800891c   0x000000c4   Code   RO         4229    i.xTaskResumeAll    tasks.o
    0x080089e0   0x00000060   Code   RO         4554    i.xTimerCreateTimerTask  timers.o
    0x08008a40   0x00000068   Code   RO         4555    i.xTimerGenericCommand  timers.o
    0x08008aa8   0x00000018   Code   RO         6355    x$fpl$basic         fz_wm.l(basic.o)
    0x08008ac0   0x00000062   Code   RO         6357    x$fpl$d2f           fz_wm.l(d2f.o)
    0x08008b22   0x00000002   PAD
    0x08008b24   0x00000150   Code   RO         6359    x$fpl$dadd          fz_wm.l(daddsub_clz.o)
    0x08008c74   0x00000010   Code   RO         6492    x$fpl$dcheck1       fz_wm.l(dcheck1.o)
    0x08008c84   0x00000018   Code   RO         6420    x$fpl$dcmpinf       fz_wm.l(dcmpi.o)
    0x08008c9c   0x000002b0   Code   RO         6366    x$fpl$ddiv          fz_wm.l(ddiv.o)
    0x08008f4c   0x0000005e   Code   RO         6369    x$fpl$dfix          fz_wm.l(dfix.o)
    0x08008faa   0x0000002e   Code   RO         6378    x$fpl$dflt          fz_wm.l(dflt_clz.o)
    0x08008fd8   0x000000a2   Code   RO         6383    x$fpl$dfltll        fz_wm.l(dfltll_clz.o)
    0x0800907a   0x00000002   PAD
    0x0800907c   0x00000078   Code   RO         6387    x$fpl$dleqf         fz_wm.l(dleqf.o)
    0x080090f4   0x00000154   Code   RO         6389    x$fpl$dmul          fz_wm.l(dmul.o)
    0x08009248   0x0000009c   Code   RO         6422    x$fpl$dnaninf       fz_wm.l(dnaninf.o)
    0x080092e4   0x0000000c   Code   RO         6424    x$fpl$dretinf       fz_wm.l(dretinf.o)
    0x080092f0   0x0000006c   Code   RO         6391    x$fpl$drleqf        fz_wm.l(drleqf.o)
    0x0800935c   0x00000016   Code   RO         6360    x$fpl$drsb          fz_wm.l(daddsub_clz.o)
    0x08009372   0x00000002   PAD
    0x08009374   0x00000198   Code   RO         6494    x$fpl$dsqrt         fz_wm.l(dsqrt_umaal.o)
    0x0800950c   0x000001d4   Code   RO         6361    x$fpl$dsub          fz_wm.l(daddsub_clz.o)
    0x080096e0   0x00000056   Code   RO         6393    x$fpl$f2d           fz_wm.l(f2d.o)
    0x08009736   0x0000008c   Code   RO         6426    x$fpl$fnaninf       fz_wm.l(fnaninf.o)
    0x080097c2   0x0000000a   Code   RO         6585    x$fpl$fpinit        fz_wm.l(fpinit.o)
    0x080097cc   0x0000000a   Code   RO         6428    x$fpl$fretinf       fz_wm.l(fretinf.o)
    0x080097d6   0x00000002   PAD
    0x080097d8   0x000000c2   Code   RO         6373    x$fpl$llsfromd      fz_wm.l(dfixll.o)
    0x0800989a   0x00000064   Code   RO         6513    x$fpl$retnan        fz_wm.l(retnan.o)
    0x080098fe   0x0000005c   Code   RO         6430    x$fpl$scalbn        fz_wm.l(scalbn.o)
    0x0800995a   0x00000030   Code   RO         6568    x$fpl$trapveneer    fz_wm.l(trapv.o)
    0x0800998a   0x00000000   Code   RO         6432    x$fpl$usenofp       fz_wm.l(usenofp.o)
    0x0800998a   0x00000002   PAD
    0x0800998c   0x000001a8   Data   RO          224    .constdata          freertos.o
    0x08009b34   0x00000008   Data   RO         1126    .constdata          stm32f4xx_hal_dma.o
    0x08009b3c   0x00000010   Data   RO         3566    .constdata          system_stm32f4xx.o
    0x08009b4c   0x00000008   Data   RO         3567    .constdata          system_stm32f4xx.o
    0x08009b54   0x00000004   PAD
    0x08009b58   0x00000088   Data   RO         6400    .constdata          m_wm.l(pow.o)
    0x08009be0   0x00000008   Data   RO         6457    .constdata          m_wm.l(qnan.o)
    0x08009be8   0x00000103   Data   RO          225    .conststring        freertos.o
    0x08009ceb   0x00000001   PAD
    0x08009cec   0x00000020   Data   RO         6640    Region$$Table       anon$$obj.o


    Execution Region RW_IRAM2 (Base: 0x10000000, Size: 0x00000000, Max: 0x00010000, ABSOLUTE)

    **** No section assigned to this execution region ****


    Execution Region RW_IRAM1 (Base: 0x20000000, Size: 0x00007298, Max: 0x00020000, ABSOLUTE, COMPRESSED[0x00000024])

    Base Addr    Size         Type   Attr      Idx    E Section Name        Object

    0x20000000   0x0000003c   Data   RW          227    .data               freertos.o
    0x2000003c   0x0000000c   Data   RW         1553    .data               stm32f4xx_hal.o
    0x20000048   0x00000004   Data   RW         3568    .data               system_stm32f4xx.o
    0x2000004c   0x0000003c   Data   RW         4232    .data               tasks.o
    0x20000088   0x00000014   Data   RW         4563    .data               timers.o
    0x2000009c   0x00000004   Data   RW         4788    .data               cmsis_os2.o
    0x200000a0   0x00000020   Data   RW         5234    .data               heap_4.o
    0x200000c0   0x0000000c   Data   RW         5290    .data               port.o
    0x200000cc   0x00000004   PAD
    0x200000d0   0x00000058   Data   RW         5364    .data               driver_ms5837.o
    0x20000128   0x00000040   Data   RW         6020    .data               driver_depth.o
    0x20000168   0x00000028   Data   RW         6142    .data               attitude_control.o
    0x20000190   0x00000001   Data   RW         6213    .data               task_remote.o
    0x20000191   0x00000003   PAD
    0x20000194   0x00000004   Data   RW         6266    .data               task_servo.o
    0x20000198   0x00000048   Zero   RW          572    .bss                stm32f4xx_hal_timebase_tim.o
    0x200001e0   0x000003c0   Zero   RW          609    .bss                variables.o
    0x200005a0   0x00000020   Zero   RW          610    .bss                variables.o
    0x200005c0   0x0000000e   Zero   RW          612    .bss                variables.o
    0x200005ce   0x00000002   PAD
    0x200005d0   0x00000054   Zero   RW          614    .bss                variables.o
    0x20000624   0x00000024   Zero   RW          616    .bss                variables.o
    0x20000648   0x00000040   Zero   RW         3807    .bss                queue.o
    0x20000688   0x000004c4   Zero   RW         4231    .bss                tasks.o
    0x20000b4c   0x00000118   Zero   RW         4562    .bss                timers.o
    0x20000c64   0x000003e8   Zero   RW         4787    .bss                cmsis_os2.o
    0x2000104c   0x00005000   Zero   RW         5233    .bss                heap_4.o
    0x2000604c   0x000000b4   Zero   RW         5463    .bss                i2c.o
    0x20006100   0x000001f8   Zero   RW         5514    .bss                tim.o
    0x200062f8   0x000004b4   Zero   RW         5605    .bss                usart.o
    0x200067ac   0x00000070   Zero   RW         5668    .bss                bsp_callbacks.o
    0x2000681c   0x00000070   Zero   RW         5669    .bss                bsp_callbacks.o
    0x2000688c   0x00000070   Zero   RW         5670    .bss                bsp_callbacks.o
    0x200068fc   0x00000070   Zero   RW         5671    .bss                bsp_callbacks.o
    0x2000696c   0x00000070   Zero   RW         5672    .bss                bsp_callbacks.o
    0x200069dc   0x0000000c   Zero   RW         5838    .bss                driver_servo.o
    0x200069e8   0x00000012   Zero   RW         5872    .bss                driver_remote1.o
    0x200069fa   0x00000002   PAD
    0x200069fc   0x00000064   Zero   RW         6019    .bss                driver_depth.o
    0x20006a60   0x000000c0   Zero   RW         6088    .bss                driver_chassis.o
    0x20006b20   0x00000118   Zero   RW         6140    .bss                attitude_control.o
    0x20006c38   0x00000060   Zero   RW         6497    .bss                c_w.l(libspace.o)
    0x20006c98   0x00000200   Zero   RW            2    HEAP                startup_stm32f405xx.o
    0x20006e98   0x00000400   Zero   RW            1    STACK               startup_stm32f405xx.o


==============================================================================

Image component sizes


      Code (inc. data)   RO Data    RW Data    ZI Data      Debug   Object Name

      1692        164          0         40        280       6632   attitude_control.o
       384         58          0          0        560       3379   bsp_callbacks.o
       104         10          0          0          0       1087   bsp_comm.o
         4          0          0          0          0        451   bspconfig.o
       648         30          0          4       1000      67170   cmsis_os2.o
       204          4          0          0          0        906   dma.o
       356         56          0          0        192       3236   driver_chassis.o
       168         22          0         64        100       4170   driver_depth.o
       268          8          0          0          0       1042   driver_hi229um.o
       776        120          0         88          0       3820   driver_ms5837.o
       236         28          0          0          0        948   driver_propellor.o
       160         12          0          0          0       1604   driver_remote.o
       868         28          0          0         18       5725   driver_remote1.o
        44          8          0          0         12       1614   driver_servo.o
         0          0          0          0          0      19504   event_groups.o
       516        104        683         60          0      15219   freertos.o
       152         10          0          0          0       1011   gpio.o
       472         24          0         32      20480       4695   heap_4.o
       260         34          0          0        180       1790   i2c.o
       138          0          0          0          0       3422   list.o
       262         16          0          0          0     664757   main.o
       150          0          0          0          0        949   pid.o
       786         82          0         12          0      11561   port.o
      2474         28          0          0         64      24032   queue.o
        64         26        392          0       1536        852   startup_stm32f405xx.o
        80         14          0         12          0       8146   stm32f4xx_hal.o
       158         14          0          0          0      32874   stm32f4xx_hal_cortex.o
      1090         16          8          0          0       7229   stm32f4xx_hal_dma.o
       522         46          0          0          0       2629   stm32f4xx_hal_gpio.o
      3574         54          0          0          0      21021   stm32f4xx_hal_i2c.o
        56          4          0          0          0        890   stm32f4xx_hal_msp.o
      1412         86          0          0          0       5709   stm32f4xx_hal_rcc.o
      2018        136          0          0          0      15520   stm32f4xx_hal_tim.o
       232         28          0          0          0       3221   stm32f4xx_hal_tim_ex.o
       116         16          0          0         72       1431   stm32f4xx_hal_timebase_tim.o
      1834         30          0          0          0      13145   stm32f4xx_hal_uart.o
       308        118          0          0          0      11828   stm32f4xx_it.o
         0          0          0          0          0        392   stream_buffer.o
        16          4         24          4          0       1163   system_stm32f4xx.o
        44          4          0          0          0        606   task_attitude.o
        32          4          0          0          0        581   task_chassis.o
       580         12          0          1          0       5240   task_remote.o
       220         12          0          4          0       1036   task_servo.o
      2372        192          0         60       1220      28029   tasks.o
      1876        138          0          0        504       8058   tim.o
       972         80          0         20        280      31635   timers.o
      1436        132          0          0       1204       5397   usart.o
       176         46          0          0       1126       3705   variables.o

    ----------------------------------------------------------------------
     30366       2058       1144        408      28832    1059061   Object Totals
         0          0         32          0          0          0   (incl. Generated)
        56          0          5          7          4          0   (incl. Padding)

    ----------------------------------------------------------------------

      Code (inc. data)   RO Data    RW Data    ZI Data      Debug   Library Member Name

        90          0          0          0          0          0   __dczerorl2.o
         8          0          0          0          0         68   __main.o
         0          0          0          0          0          0   __rtentry.o
        12          0          0          0          0          0   __rtentry2.o
         6          0          0          0          0          0   __rtentry4.o
        52          8          0          0          0          0   __scatter.o
        28          0          0          0          0          0   __scatter_zi.o
        22          0          0          0          0        100   _rserrno.o
        16          0          0          0          0         68   aeabi_memset.o
        12          0          0          0          0         72   exit.o
         6          0          0          0          0        152   heapauxi.o
         0          0          0          0          0          0   indicate_semi.o
         2          0          0          0          0          0   libinit.o
         6          0          0          0          0          0   libinit2.o
         2          0          0          0          0          0   libshutdown.o
         2          0          0          0          0          0   libshutdown2.o
         8          4          0          0         96         68   libspace.o
       238          0          0          0          0        100   lludivv7m.o
         8          4          0          0          0         68   rt_errno_addr_intlibspace.o
        68          0          0          0          0         68   rt_memclr.o
        78          0          0          0          0         80   rt_memclr_w.o
       138          0          0          0          0         68   rt_memcpy_v6.o
       100          0          0          0          0         80   rt_memcpy_w.o
         2          0          0          0          0          0   rtexit.o
        10          0          0          0          0          0   rtexit2.o
        12          4          0          0          0         68   sys_exit.o
        74          0          0          0          0         80   sys_stackheap_outer.o
         2          0          0          0          0         68   use_no_semi.o
        24          0          0          0          0        164   basic.o
        98          4          0          0          0        140   d2f.o
       826         16          0          0          0        492   daddsub_clz.o
        16          4          0          0          0        116   dcheck1.o
        24          0          0          0          0        116   dcmpi.o
       688        140          0          0          0        256   ddiv.o
        94          4          0          0          0        140   dfix.o
       194          4          0          0          0        164   dfixll.o
        46          0          0          0          0        116   dflt_clz.o
       162          0          0          0          0        132   dfltll_clz.o
       120          4          0          0          0        140   dleqf.o
       340         12          0          0          0        152   dmul.o
       156          4          0          0          0        140   dnaninf.o
        12          0          0          0          0        116   dretinf.o
       108          0          0          0          0        128   drleqf.o
       408         56          0          0          0        168   dsqrt_umaal.o
        86          4          0          0          0        132   f2d.o
       140          4          0          0          0        132   fnaninf.o
        10          0          0          0          0        116   fpinit.o
        10          0          0          0          0        116   fretinf.o
       100          0          0          0          0        116   retnan.o
        92          0          0          0          0        116   scalbn.o
        48          0          0          0          0        116   trapv.o
         0          0          0          0          0          0   usenofp.o
       164         44          0          0          0        620   dunder.o
        24          0          0          0          0        124   fabs.o
        48          0          0          0          0        124   fpclassify.o
       248          0          0          0          0        152   poly.o
      3128        302        136          0          0        356   pow.o
         0          0          8          0          0          0   qnan.o
       110          0          0          0          0        148   sqrt.o

    ----------------------------------------------------------------------
      8550        622        144          0         96       6256   Library Totals
        24          0          0          0          0          0   (incl. Padding)

    ----------------------------------------------------------------------

      Code (inc. data)   RO Data    RW Data    ZI Data      Debug   Library Name

      1002         20          0          0         96       1208   c_w.l
      3802        256          0          0          0       3524   fz_wm.l
      3722        346        144          0          0       1524   m_wm.l

    ----------------------------------------------------------------------
      8550        622        144          0         96       6256   Library Totals

    ----------------------------------------------------------------------

==============================================================================


      Code (inc. data)   RO Data    RW Data    ZI Data      Debug   

     38916       2680       1288        408      28928    1035145   Grand Totals
     38916       2680       1288         36      28928    1035145   ELF Image Totals (compressed)
     38916       2680       1288         36          0          0   ROM Totals

==============================================================================

    Total RO  Size (Code + RO Data)                40204 (  39.26kB)
    Total RW  Size (RW Data + ZI Data)             29336 (  28.65kB)
    Total ROM Size (Code + RO Data + RW Data)      40240 (  39.30kB)

==============================================================================

